nohup: ignoring input
MongoDB already running
Starting backend on port 58545...
Waiting for backend...
INFO:     Will watch for changes in these directories: ['/run/media/shinehealthcare/a9496acd-4335-4f6b-9ef4-2a6d2c0ce9ad/Complince Regulator by. EU-UNION/EU-UNION-COMLINCE-main/backend']
INFO:     Uvicorn running on http://0.0.0.0:58545 (Press CTRL+C to quit)
INFO:     Started reloader process [307736] using StatReload
Process SpawnProcess-1:
Traceback (most recent call last):
  File "/usr/lib/python3.14/multiprocessing/process.py", line 320, in _bootstrap
    self.run()
    ~~~~~~~~^^
  File "/usr/lib/python3.14/multiprocessing/process.py", line 108, in run
    self._target(*self._args, **self._kwargs)
    ~~~~~~~~~~~~^^^^^^^^^^^^^^^^^^^^^^^^^^^^^
  File "/run/media/shinehealthcare/a9496acd-4335-4f6b-9ef4-2a6d2c0ce9ad/Complince Regulator by. EU-UNION/EU-UNION-COMLINCE-main/backend/venv/lib/python3.14/site-packages/uvicorn/_subprocess.py", line 80, in subprocess_started
    target(sockets=sockets)
    ~~~~~~^^^^^^^^^^^^^^^^^
  File "/run/media/shinehealthcare/a9496acd-4335-4f6b-9ef4-2a6d2c0ce9ad/Complince Regulator by. EU-UNION/EU-UNION-COMLINCE-main/backend/venv/lib/python3.14/site-packages/uvicorn/server.py", line 77, in run
    return asyncio_run(self.serve(sockets=sockets), loop_factory=self.config.get_loop_factory())
  File "/usr/lib/python3.14/asyncio/runners.py", line 205, in run
    return runner.run(main)
           ~~~~~~~~~~^^^^^^
  File "/usr/lib/python3.14/asyncio/runners.py"Compiling...
Failed to compile.

[eslint] 
src/App.js
Syntax error: Identifier 'Sandbox' has already been declared. (20:7) (20:7)
ERROR in ./src/App.js
Module build failed (from ./node_modules/babel-loader/lib/index.js):
SyntaxError: /run/media/shinehealthcare/a9496acd-4335-4f6b-9ef4-2a6d2c0ce9ad/Complince Regulator by. EU-UNION/EU-UNION-COMLINCE-main/frontend/src/App.js: Identifier 'Sandbox' has already been declared. (20:7)

  18 | import PNIACompliance from "./pages/PNIACompliance";
  19 | import IdentityBroker from "./pages/IdentityBroker";
> 20 | import Sandbox from "./pages/Sandbox";
     |        ^
  21 | import { AuthProvider, AuthCallback } from "./lib/auth";
  22 | import "./i18n";
  23 | import "./App.css";
    at constructor (/run/media/shinehealthcare/a9496acd-4335-4f6b-9ef4-2a6d2c0ce9ad/Complince Regulator by. EU-UNION/EU-UNION-COMLINCE-main/frontend/node_modules/@babel/parser/lib/index.js:365:19)
    at FlowParserMixin.raise (/run/media/shinehealthcare/a9496acd-4335-4f6b-9ef4-2a6d2c0ce9ad/Complince Regulator by. EU-UNION/EU-UNION-COMLINCE-main/frontend/node_modules/@babel/parser/lib/index.js:6616:19)
    at FlowScopeHandler.checkRedeclarationInScope (/run/media/shinehealthcare/a9496acd-4335-4f6b-9ef4-2a6d2c0ce9ad/Complince Regulator by. EU-UNION/EU-UNION-COMLINCE-main/frontend/node_modules/@babel/parser/lib/index.js:1619:19)
    at FlowScopeHandler.declareName (/run/media/shinehealthcare/a9496acd-4335-4f6b-9ef4-2a6d2c0ce9ad/Complince Regulator by. EU-UNION/EU-UNION-COMLINCE-main/frontend/node_modules/@babel/parser/lib/index.js:1585:12)
    at FlowScopeHandler.declareName (/run/media/shinehealthcare/a9496acd-4335-4f6b-9ef4-2a6d2c0ce9ad/Complince Regulator by. EU-UNION/EU-UNION-COMLINCE-main/frontend/node_modules/@babel/parser/lib/index.js:1686:11)
    at FlowParserMixin.declareNameFromIdentifier (/run/media/shinehealthcare/a9496acd-4335-4f6b-9ef4-2a6d2c0ce9ad/Complince Regulator by. EU-UNION/EU-UNION-COMLINCE-main/frontend/node_modules/@babel/parser/lib/index.js:7584:16)
    at FlowParserMixin.checkIdentifier (/run/media/shinehealthcare/a9496acd-4335-4f6b-9ef4-2a6d2c0ce9ad/Complince Regulator by. EU-UNION/EU-UNION-COMLINCE-main/frontend/node_modules/@babel/parser/lib/index.js:7580:12)
    at FlowParserMixin.checkLVal (/run/media/shinehealthcare/a9496acd-4335-4f6b-9ef4-2a6d2c0ce9ad/Complince Regulator by. EU-UNION/EU-UNION-COMLINCE-main/frontend/node_modules/@babel/parser/lib/index.js:7517:12)
    at FlowParserMixin.finishImportSpecifier (/run/media/shinehealthcare/a9496acd-4335-4f6b-9ef4-2a6d2c0ce9ad/Complince Regulator by. EU-UNION/EU-UNION-COMLINCE-main/frontend/node_modules/@babel/parser/lib/index.js:14283:10)
    at FlowParserMixin.parseImportSpecifierLocal (/run/media/shinehealthcare/a9496acd-4335-4f6b-9ef4-2a6d2c0ce9ad/Complince Regulator by. EU-UNION/EU-UNION-COMLINCE-main/frontend/node_modules/@babel/parser/lib/index.js:3393:31)
    at FlowParserMixin.maybeParseDefaultImportSpecifier (/run/media/shinehealthcare/a9496acd-4335-4f6b-9ef4-2a6d2c0ce9ad/Complince Regulator by. EU-UNION/EU-UNION-COMLINCE-main/frontend/node_modules/@babel/parser/lib/index.js:14383:12)
    at FlowParserMixin.parseImportSpecifiersAndAfter (/run/media/shinehealthcare/a9496acd-4335-4f6b-9ef4-2a6d2c0ce9ad/Complince Regulator by. EU-UNION/EU-UNION-COMLINCE-main/frontend/node_modules/@babel/parser/lib/index.js:14256:29)
    at FlowParserMixin.parseImport (/run/media/shinehealthcare/a9496acd-4335-4f6b-9ef4-2a6d2c0ce9ad/Complince Regulator by. EU-UNION/EU-UNION-COMLINCE-main/frontend/node_modules/@babel/parser/lib/index.js:14252:17)
    at FlowParserMixin.parseStatementContent (/run/media/shinehealthcare/a9496acd-4335-4f6b-9ef4-2a6d2c0ce9ad/Complince Regulator by. EU-UNION/EU-UNION-COMLINCE-main/frontend/node_modules/@babel/parser/lib/index.js:12893:27)
    at FlowParserMixin.parseStatementLike (/run/media/shinehealthcare/a9496acd-4335-4f6b-9ef4-2a6d2c0ce9ad/Complince Regulator by. EU-UNION/EU-UNION-COMLINCE-main/frontend/node_modules/@babel/parser/lib/index.js:12784:17)
    at FlowParserMixin.parseStatementLike (/run/media/shinehealthcare/a9496acd-4335-4f6b-9ef4-2a6d2c0ce9ad/Complince Regulator by. EU-UNION/EU-UNION-COMLINCE-main/frontend/node_modules/@babel/parser/lib/index.js:2930:24)
    at FlowParserMixin.parseModuleItem (/run/media/shinehealthcare/a9496acd-4335-4f6b-9ef4-2a6d2c0ce9ad/Complince Regulator by. EU-UNION/EU-UNION-COMLINCE-main/frontend/node_modules/@babel/parser/lib/index.js:12761:17)
    at FlowParserMixin.parseBlockOrModuleBlockBody (/run/media/shinehealthcare/a9496acd-4335-4f6b-9ef4-2a6d2c0ce9ad/Complince Regulator by. EU-UNION/EU-UNION-COMLINCE-main/frontend/node_modules/@babel/parser/lib/index.js:13333:36)
    at FlowParserMixin.parseBlockBody (/run/media/shinehealthcare/a9496acd-4335-4f6b-9ef4-2a6d2c0ce9ad/Complince Regulator by. EU-UNION/EU-UNION-COMLINCE-main/frontend/node_modules/@babel/parser/lib/index.js:13326:10)
    at FlowParserMixin.parseProgram (/run/media/shinehealthcare/a9496acd-4335-4f6b-9ef4-2a6d2c0ce9ad/Complince Regulator by. EU-UNION/EU-UNION-COMLINCE-main/frontend/node_modules/@babel/parser/lib/index.js:12639:10)
    at FlowParserMixin.parseTopLevel (/run/media/shinehealthcare/a9496acd-4335-4f6b-9ef4-2a6d2c0ce9ad/Complince Regulator by. EU-UNION/EU-UNION-COMLINCE-main/frontend/node_modules/@babel/parser/lib/index.js:12629:25)
    at FlowParserMixin.parseTopLevel (/run/media/shinehealthcare/a9496acd-4335-4f6b-9ef4-2a6d2c0ce9ad/Complince Regulator by. EU-UNION/EU-UNION-COMLINCE-main/frontend/node_modules/@babel/parser/lib/index.js:3697:28)
    at FlowParserMixin.parse (/run/media/shinehealthcare/a9496acd-4335-4f6b-9ef4-2a6d2c0ce9ad/Complince Regulator by. EU-UNION/EU-UNION-COMLINCE-main/frontend/node_modules/@babel/parser/lib/index.js:14505:25)
    at parse (/run/media/shinehealthcare/a9496acd-4335-4f6b-9ef4-2a6d2c0ce9ad/Complince Regulator by. EU-UNION/EU-UNION-COMLINCE-main/frontend/node_modules/@babel/parser/lib/index.js:14539:38)
    at parser (/run/media/shinehealthcare/a9496acd-4335-4f6b-9ef4-2a6d2c0ce9ad/Complince Regulator by. EU-UNION/EU-UNION-COMLINCE-main/frontend/node_modules/@babel/core/lib/parser/index.js:41:34)
    at parser.next (<anonymous>)
    at normalizeFile (/run/media/shinehealthcare/a9496acd-4335-4f6b-9ef4-2a6d2c0ce9ad/Complince Regulator by. EU-UNION/EU-UNION-COMLINCE-main/frontend/node_modules/@babel/core/lib/transformation/normalize-file.js:51:37)
    at normalizeFile.next (<anonymous>)
    at run (/run/media/shinehealthcare/a9496acd-4335-4f6b-9ef4-2a6d2c0ce9ad/Complince Regulator by. EU-UNION/EU-UNION-COMLINCE-main/frontend/node_modules/@babel/core/lib/transformation/index.js:22:50)
    at run.next (<anonymous>)
    at transform (/run/media/shinehealthcare/a9496acd-4335-4f6b-9ef4-2a6d2c0ce9ad/Complince Regulator by. EU-UNION/EU-UNION-COMLINCE-main/frontend/node_modules/@babel/core/lib/transform.js:22:33)
    at transform.next (<anonymous>)
    at step (/run/media/shinehealthcare/a9496acd-4335-4f6b-9ef4-2a6d2c0ce9ad/Complince Regulator by. EU-UNION/EU-UNION-COMLINCE-main/frontend/node_modules/gensync/index.js:261:32)
    at /run/media/shinehealthcare/a9496acd-4335-4f6b-9ef4-2a6d2c0ce9ad/Complince Regulator by. EU-UNION/EU-UNION-COMLINCE-main/frontend/node_modules/gensync/index.js:273:13
    at async.call.result.err.err (/run/media/shinehealthcare/a9496acd-4335-4f6b-9ef4-2a6d2c0ce9ad/Complince Regulator by. EU-UNION/EU-UNION-COMLINCE-main/frontend/node_modules/gensync/index.js:223:11)

ERROR in [eslint] 
src/App.js
  Line 20:7:  Parsing error: Identifier 'Sandbox' has already been declared. (20:7)

webpack compiled with 2 errors
Compiling...
Failed to compile.

[eslint] 
src/App.js
Syntax error: Identifier 'Sandbox' has already been declared. (20:7) (20:7)
ERROR in ./src/App.js
Module build failed (from ./node_modules/babel-loader/lib/index.js):
SyntaxError: /run/media/shinehealthcare/a9496acd-4335-4f6b-9ef4-2a6d2c0ce9ad/Complince Regulator by. EU-UNION/EU-UNION-COMLINCE-main/frontend/src/App.js: Identifier 'Sandbox' has already been declared. (20:7)

  18 | import PNIACompliance from "./pages/PNIACompliance";
  19 | import IdentityBroker from "./pages/IdentityBroker";
> 20 | import Sandbox from "./pages/Sandbox";
     |        ^
  21 | import { AuthProvider, AuthCallback } from "./lib/auth";
  22 | import "./i18n";
  23 | import "./App.css";
    at constructor (/run/media/shinehealthcare/a9496acd-4335-4f6b-9ef4-2a6d2c0ce9ad/Complince Regulator by. EU-UNION/EU-UNION-COMLINCE-main/frontend/node_modules/@babel/parser/lib/index.js:365:19)
    at FlowParserMixin.raise (/run/media/shinehealthcare/a9496acd-4335-4f6b-9ef4-2a6d2c0ce9ad/Complince Regulator by. EU-UNION/EU-UNION-COMLINCE-main/frontend/node_modules/@babel/parser/lib/index.js:6616:19)
    at FlowScopeHandler.checkRedeclarationInScope (/run/media/shinehealthcare/a9496acd-4335-4f6b-9ef4-2a6d2c0ce9ad/Complince Regulator by. EU-UNION/EU-UNION-COMLINCE-main/frontend/node_modules/@babel/parser/lib/index.js:1619:19)
    at FlowScopeHandler.declareName (/run/media/shinehealthcare/a9496acd-4335-4f6b-9ef4-2a6d2c0ce9ad/Complince Regulator by. EU-UNION/EU-UNION-COMLINCE-main/frontend/node_modules/@babel/parser/lib/index.js:1585:12)
    at FlowScopeHandler.declareName (/run/media/shinehealthcare/a9496acd-4335-4f6b-9ef4-2a6d2c0ce9ad/Complince Regulator by. EU-UNION/EU-UNION-COMLINCE-main/frontend/node_modules/@babel/parser/lib/index.js:1686:11)
    at FlowParserMixin.declareNameFromIdentifier (/run/media/shinehealthcare/a9496acd-4335-4f6b-9ef4-2a6d2c0ce9ad/Complince Regulator by. EU-UNION/EU-UNION-COMLINCE-main/frontend/node_modules/@babel/parser/lib/index.js:7584:16)
    at FlowParserMixin.checkIdentifier (/run/media/shinehealthcare/a9496acd-4335-4f6b-9ef4-2a6d2c0ce9ad/Complince Regulator by. EU-UNION/EU-UNION-COMLINCE-main/frontend/node_modules/@babel/parser/lib/index.js:7580:12)
    at FlowParserMixin.checkLVal (/run/media/shinehealthcare/a9496acd-4335-4f6b-9ef4-2a6d2c0ce9ad/Complince Regulator by. EU-UNION/EU-UNION-COMLINCE-main/frontend/node_modules/@babel/parser/lib/index.js:7517:12)
    at FlowParserMixin.finishImportSpecifier (/run/media/shinehealthcare/a9496acd-4335-4f6b-9ef4-2a6d2c0ce9ad/Complince Regulator by. EU-UNION/EU-UNION-COMLINCE-main/frontend/node_modules/@babel/parser/lib/index.js:14283:10)
    at FlowParserMixin.parseImportSpecifierLocal (/run/media/shinehealthcare/a9496acd-4335-4f6b-9ef4-2a6d2c0ce9ad/Complince Regulator by. EU-UNION/EU-UNION-COMLINCE-main/frontend/node_modules/@babel/parser/lib/index.js:3393:31)
    at FlowParserMixin.maybeParseDefaultImportSpecifier (/run/media/shinehealthcare/a9496acd-4335-4f6b-9ef4-2a6d2c0ce9ad/Complince Regulator by. EU-UNION/EU-UNION-COMLINCE-main/frontend/node_modules/@babel/parser/lib/index.js:14383:12)
    at FlowParserMixin.parseImportSpecifiersAndAfter (/run/media/shinehealthcare/a9496acd-4335-4f6b-9ef4-2a6d2c0ce9ad/Complince Regulator by. EU-UNION/EU-UNION-COMLINCE-main/frontend/node_modules/@babel/parser/lib/index.js:14256:29)
    at FlowParserMixin.parseImport (/run/media/shinehealthcare/a9496acd-4335-4f6b-9ef4-2a6d2c0ce9ad/Complince Regulator by. EU-UNION/EU-UNION-COMLINCE-main/frontend/node_modules/@babel/parser/lib/index.js:14252:17)
    at FlowParserMixin.parseStatementContent (/run/media/shinehealthcare/a9496acd-4335-4f6b-9ef4-2a6d2c0ce9ad/Complince Regulator by. EU-UNION/EU-UNION-COMLINCE-main/frontend/node_modules/@babel/parser/lib/index.js:12893:27)
    at FlowParserMixin.parseStatementLike (/run/media/shinehealthcare/a9496acd-4335-4f6b-9ef4-2a6d2c0ce9ad/Complince Regulator by. EU-UNION/EU-UNION-COMLINCE-main/frontend/node_modules/@babel/parser/lib/index.js:12784:17)
    at FlowParserMixin.parseStatementLike (/run/media/shinehealthcare/a9496acd-4335-4f6b-9ef4-2a6d2c0ce9ad/Complince Regulator by. EU-UNION/EU-UNION-COMLINCE-main/frontend/node_modules/@babel/parser/lib/index.js:2930:24)
    at FlowParserMixin.parseModuleItem (/run/media/shinehealthcare/a9496acd-4335-4f6b-9ef4-2a6d2c0ce9ad/Complince Regulator by. EU-UNION/EU-UNION-COMLINCE-main/frontend/node_modules/@babel/parser/lib/index.js:12761:17)
    at FlowParserMixin.parseBlockOrModuleBlockBody (/run/media/shinehealthcare/a9496acd-4335-4f6b-9ef4-2a6d2c0ce9ad/Complince Regulator by. EU-UNION/EU-UNION-COMLINCE-main/frontend/node_modules/@babel/parser/lib/index.js:13333:36)
    at FlowParserMixin.parseBlockBody (/run/media/shinehealthcare/a9496acd-4335-4f6b-9ef4-2a6d2c0ce9ad/Complince Regulator by. EU-UNION/EU-UNION-COMLINCE-main/frontend/node_modules/@babel/parser/lib/index.js:13326:10)
    at FlowParserMixin.parseProgram (/run/media/shinehealthcare/a9496acd-4335-4f6b-9ef4-2a6d2c0ce9ad/Complince Regulator by. EU-UNION/EU-UNION-COMLINCE-main/frontend/node_modules/@babel/parser/lib/index.js:12639:10)
    at FlowParserMixin.parseTopLevel (/run/media/shinehealthcare/a9496acd-4335-4f6b-9ef4-2a6d2c0ce9ad/Complince Regulator by. EU-UNION/EU-UNION-COMLINCE-main/frontend/node_modules/@babel/parser/lib/index.js:12629:25)
    at FlowParserMixin.parseTopLevel (/run/media/shinehealthcare/a9496acd-4335-4f6b-9ef4-2a6d2c0ce9ad/Complince Regulator by. EU-UNION/EU-UNION-COMLINCE-main/frontend/node_modules/@babel/parser/lib/index.js:3697:28)
    at FlowParserMixin.parse (/run/media/shinehealthcare/a9496acd-4335-4f6b-9ef4-2a6d2c0ce9ad/Complince Regulator by. EU-UNION/EU-UNION-COMLINCE-main/frontend/node_modules/@babel/parser/lib/index.js:14505:25)
    at parse (/run/media/shinehealthcare/a9496acd-4335-4f6b-9ef4-2a6d2c0ce9ad/Complince Regulator by. EU-UNION/EU-UNION-COMLINCE-main/frontend/node_modules/@babel/parser/lib/index.js:14539:38)
    at parser (/run/media/shinehealthcare/a9496acd-4335-4f6b-9ef4-2a6d2c0ce9ad/Complince Regulator by. EU-UNION/EU-UNION-COMLINCE-main/frontend/node_modules/@babel/core/lib/parser/index.js:41:34)
    at parser.next (<anonymous>)
    at normalizeFile (/run/media/shinehealthcare/a9496acd-4335-4f6b-9ef4-2a6d2c0ce9ad/Complince Regulator by. EU-UNION/EU-UNION-COMLINCE-main/frontend/node_modules/@babel/core/lib/transformation/normalize-file.js:51:37)
    at normalizeFile.next (<anonymous>)
    at run (/run/media/shinehealthcare/a9496acd-4335-4f6b-9ef4-2a6d2c0ce9ad/Complince Regulator by. EU-UNION/EU-UNION-COMLINCE-main/frontend/node_modules/@babel/core/lib/transformation/index.js:22:50)
    at run.next (<anonymous>)
    at transform (/run/media/shinehealthcare/a9496acd-4335-4f6b-9ef4-2a6d2c0ce9ad/Complince Regulator by. EU-UNION/EU-UNION-COMLINCE-main/frontend/node_modules/@babel/core/lib/transform.js:22:33)
    at transform.next (<anonymous>)
    at step (/run/media/shinehealthcare/a9496acd-4335-4f6b-9ef4-2a6d2c0ce9ad/Complince Regulator by. EU-UNION/EU-UNION-COMLINCE-main/frontend/node_modules/gensync/index.js:261:32)
    at /run/media/shinehealthcare/a9496acd-4335-4f6b-9ef4-2a6d2c0ce9ad/Complince Regulator by. EU-UNION/EU-UNION-COMLINCE-main/frontend/node_modules/gensync/index.js:273:13
    at async.call.result.err.err (/run/media/shinehealthcare/a9496acd-4335-4f6b-9ef4-2a6d2c0ce9ad/Complince Regulator by. EU-UNION/EU-UNION-COMLINCE-main/frontend/node_modules/gensync/index.js:223:11)

ERROR in [eslint] 
src/App.js
  Line 20:7:  Parsing error: Identifier 'Sandbox' has already been declared. (20:7)

webpack compiled with 2 errors
Compiling...
Failed to compile.

[eslint] 
src/App.js
Syntax error: Identifier 'Sandbox' has already been declared. (20:7) (20:7)
ERROR in ./src/App.js
Module build failed (from ./node_modules/babel-loader/lib/index.js):
SyntaxError: /run/media/shinehealthcare/a9496acd-4335-4f6b-9ef4-2a6d2c0ce9ad/Complince Regulator by. EU-UNION/EU-UNION-COMLINCE-main/frontend/src/App.js: Identifier 'Sandbox' has already been declared. (20:7)

  18 | import PNIACompliance from "./pages/PNIACompliance";
  19 | import IdentityBroker from "./pages/IdentityBroker";
> 20 | import Sandbox from "./pages/Sandbox";
     |        ^
  21 | import { AuthProvider, AuthCallback } from "./lib/auth";
  22 | import "./i18n";
  23 | import "./App.css";
    at constructor (/run/media/shinehealthcare/a9496acd-4335-4f6b-9ef4-2a6d2c0ce9ad/Complince Regulator by. EU-UNION/EU-UNION-COMLINCE-main/frontend/node_modules/@babel/parser/lib/index.js:365:19)
    at FlowParserMixin.raise (/run/media/shinehealthcare/a9496acd-4335-4f6b-9ef4-2a6d2c0ce9ad/Complince Regulator by. EU-UNION/EU-UNION-COMLINCE-main/frontend/node_modules/@babel/parser/lib/index.js:6616:19)
    at FlowScopeHandler.checkRedeclarationInScope (/run/media/shinehealthcare/a9496acd-4335-4f6b-9ef4-2a6d2c0ce9ad/Complince Regulator by. EU-UNION/EU-UNION-COMLINCE-main/frontend/node_modules/@babel/parser/lib/index.js:1619:19)
    at FlowScopeHandler.declareName (/run/media/shinehealthcare/a9496acd-4335-4f6b-9ef4-2a6d2c0ce9ad/Complince Regulator by. EU-UNION/EU-UNION-COMLINCE-main/frontend/node_modules/@babel/parser/lib/index.js:1585:12)
    at FlowScopeHandler.declareName (/run/media/shinehealthcare/a9496acd-4335-4f6b-9ef4-2a6d2c0ce9ad/Complince Regulator by. EU-UNION/EU-UNION-COMLINCE-main/frontend/node_modules/@babel/parser/lib/index.js:1686:11)
    at FlowParserMixin.declareNameFromIdentifier (/run/media/shinehealthcare/a9496acd-4335-4f6b-9ef4-2a6d2c0ce9ad/Complince Regulator by. EU-UNION/EU-UNION-COMLINCE-main/frontend/node_modules/@babel/parser/lib/index.js:7584:16)
    at FlowParserMixin.checkIdentifier (/run/media/shinehealthcare/a9496acd-4335-4f6b-9ef4-2a6d2c0ce9ad/Complince Regulator by. EU-UNION/EU-UNION-COMLINCE-main/frontend/node_modules/@babel/parser/lib/index.js:7580:12)
    at FlowParserMixin.checkLVal (/run/media/shinehealthcare/a9496acd-4335-4f6b-9ef4-2a6d2c0ce9ad/Complince Regulator by. EU-UNION/EU-UNION-COMLINCE-main/frontend/node_modules/@babel/parser/lib/index.js:7517:12)
    at FlowParserMixin.finishImportSpecifier (/run/media/shinehealthcare/a9496acd-4335-4f6b-9ef4-2a6d2c0ce9ad/Complince Regulator by. EU-UNION/EU-UNION-COMLINCE-main/frontend/node_modules/@babel/parser/lib/index.js:14283:10)
    at FlowParserMixin.parseImportSpecifierLocal (/run/media/shinehealthcare/a9496acd-4335-4f6b-9ef4-2a6d2c0ce9ad/Complince Regulator by. EU-UNION/EU-UNION-COMLINCE-main/frontend/node_modules/@babel/parser/lib/index.js:3393:31)
    at FlowParserMixin.maybeParseDefaultImportSpecifier (/run/media/shinehealthcare/a9496acd-4335-4f6b-9ef4-2a6d2c0ce9ad/Complince Regulator by. EU-UNION/EU-UNION-COMLINCE-main/frontend/node_modules/@babel/parser/lib/index.js:14383:12)
    at FlowParserMixin.parseImportSpecifiersAndAfter (/run/media/shinehealthcare/a9496acd-4335-4f6b-9ef4-2a6d2c0ce9ad/Complince Regulator by. EU-UNION/EU-UNION-COMLINCE-main/frontend/node_modules/@babel/parser/lib/index.js:14256:29)
    at FlowParserMixin.parseImport (/run/media/shinehealthcare/a9496acd-4335-4f6b-9ef4-2a6d2c0ce9ad/Complince Regulator by. EU-UNION/EU-UNION-COMLINCE-main/frontend/node_modules/@babel/parser/lib/index.js:14252:17)
    at FlowParserMixin.parseStatementContent (/run/media/shinehealthcare/a9496acd-4335-4f6b-9ef4-2a6d2c0ce9ad/Complince Regulator by. EU-UNION/EU-UNION-COMLINCE-main/frontend/node_modules/@babel/parser/lib/index.js:12893:27)
    at FlowParserMixin.parseStatementLike (/run/media/shinehealthcare/a9496acd-4335-4f6b-9ef4-2a6d2c0ce9ad/Complince Regulator by. EU-UNION/EU-UNION-COMLINCE-main/frontend/node_modules/@babel/parser/lib/index.js:12784:17)
    at FlowParserMixin.parseStatementLike (/run/media/shinehealthcare/a9496acd-4335-4f6b-9ef4-2a6d2c0ce9ad/Complince Regulator by. EU-UNION/EU-UNION-COMLINCE-main/frontend/node_modules/@babel/parser/lib/index.js:2930:24)
    at FlowParserMixin.parseModuleItem (/run/media/shinehealthcare/a9496acd-4335-4f6b-9ef4-2a6d2c0ce9ad/Complince Regulator by. EU-UNION/EU-UNION-COMLINCE-main/frontend/node_modules/@babel/parser/lib/index.js:12761:17)
    at FlowParserMixin.parseBlockOrModuleBlockBody (/run/media/shinehealthcare/a9496acd-4335-4f6b-9ef4-2a6d2c0ce9ad/Complince Regulator by. EU-UNION/EU-UNION-COMLINCE-main/frontend/node_modules/@babel/parser/lib/index.js:13333:36)
    at FlowParserMixin.parseBlockBody (/run/media/shinehealthcare/a9496acd-4335-4f6b-9ef4-2a6d2c0ce9ad/Complince Regulator by. EU-UNION/EU-UNION-COMLINCE-main/frontend/node_modules/@babel/parser/lib/index.js:13326:10)
    at FlowParserMixin.parseProgram (/run/media/shinehealthcare/a9496acd-4335-4f6b-9ef4-2a6d2c0ce9ad/Complince Regulator by. EU-UNION/EU-UNION-COMLINCE-main/frontend/node_modules/@babel/parser/lib/index.js:12639:10)
    at FlowParserMixin.parseTopLevel (/run/media/shinehealthcare/a9496acd-4335-4f6b-9ef4-2a6d2c0ce9ad/Complince Regulator by. EU-UNION/EU-UNION-COMLINCE-main/frontend/node_modules/@babel/parser/lib/index.js:12629:25)
    at FlowParserMixin.parseTopLevel (/run/media/shinehealthcare/a9496acd-4335-4f6b-9ef4-2a6d2c0ce9ad/Complince Regulator by. EU-UNION/EU-UNION-COMLINCE-main/frontend/node_modules/@babel/parser/lib/index.js:3697:28)
    at FlowParserMixin.parse (/run/media/shinehealthcare/a9496acd-4335-4f6b-9ef4-2a6d2c0ce9ad/Complince Regulator by. EU-UNION/EU-UNION-COMLINCE-main/frontend/node_modules/@babel/parser/lib/index.js:14505:25)
    at parse (/run/media/shinehealthcare/a9496acd-4335-4f6b-9ef4-2a6d2c0ce9ad/Complince Regulator by. EU-UNION/EU-UNION-COMLINCE-main/frontend/node_modules/@babel/parser/lib/index.js:14539:38)
    at parser (/run/media/shinehealthcare/a9496acd-4335-4f6b-9ef4-2a6d2c0ce9ad/Complince Regulator by. EU-UNION/EU-UNION-COMLINCE-main/frontend/node_modules/@babel/core/lib/parser/index.js:41:34)
    at parser.next (<anonymous>)
    at normalizeFile (/run/media/shinehealthcare/a9496acd-4335-4f6b-9ef4-2a6d2c0ce9ad/Complince Regulator by. EU-UNION/EU-UNION-COMLINCE-main/frontend/node_modules/@babel/core/lib/transformation/normalize-file.js:51:37)
    at normalizeFile.next (<anonymous>)
    at run (/run/media/shinehealthcare/a9496acd-4335-4f6b-9ef4-2a6d2c0ce9ad/Complince Regulator by. EU-UNION/EU-UNION-COMLINCE-main/frontend/node_modules/@babel/core/lib/transformation/index.js:22:50)
    at run.next (<anonymous>)
    at transform (/run/media/shinehealthcare/a9496acd-4335-4f6b-9ef4-2a6d2c0ce9ad/Complince Regulator by. EU-UNION/EU-UNION-COMLINCE-main/frontend/node_modules/@babel/core/lib/transform.js:22:33)
    at transform.next (<anonymous>)
    at step (/run/media/shinehealthcare/a9496acd-4335-4f6b-9ef4-2a6d2c0ce9ad/Complince Regulator by. EU-UNION/EU-UNION-COMLINCE-main/frontend/node_modules/gensync/index.js:261:32)
    at /run/media/shinehealthcare/a9496acd-4335-4f6b-9ef4-2a6d2c0ce9ad/Complince Regulator by. EU-UNION/EU-UNION-COMLINCE-main/frontend/node_modules/gensync/index.js:273:13
    at async.call.result.err.err (/run/media/shinehealthcare/a9496acd-4335-4f6b-9ef4-2a6d2c0ce9ad/Complince Regulator by. EU-UNION/EU-UNION-COMLINCE-main/frontend/node_modules/gensync/index.js:223:11)

ERROR in [eslint] 
src/App.js
  Line 20:7:  Parsing error: Identifier 'Sandbox' has already been declared. (20:7)

webpack compiled with 2 errors
Compiling...
Failed to compile.

[eslint] 
src/App.js
Syntax error: Identifier 'Sandbox' has already been declared. (20:7) (20:7)
ERROR in ./src/App.js
Module build failed (from ./node_modules/babel-loader/lib/index.js):
SyntaxError: /run/media/shinehealthcare/a9496acd-4335-4f6b-9ef4-2a6d2c0ce9ad/Complince Regulator by. EU-UNION/EU-UNION-COMLINCE-main/frontend/src/App.js: Identifier 'Sandbox' has already been declared. (20:7)

  18 | import PNIACompliance from "./pages/PNIACompliance";
  19 | import IdentityBroker from "./pages/IdentityBroker";
> 20 | import Sandbox from "./pages/Sandbox";
     |        ^
  21 | import { AuthProvider, AuthCallback } from "./lib/auth";
  22 | import "./i18n";
  23 | import "./App.css";
    at constructor (/run/media/shinehealthcare/a9496acd-4335-4f6b-9ef4-2a6d2c0ce9ad/Complince Regulator by. EU-UNION/EU-UNION-COMLINCE-main/frontend/node_modules/@babel/parser/lib/index.js:365:19)
    at FlowParserMixin.raise (/run/media/shinehealthcare/a9496acd-4335-4f6b-9ef4-2a6d2c0ce9ad/Complince Regulator by. EU-UNION/EU-UNION-COMLINCE-main/frontend/node_modules/@babel/parser/lib/index.js:6616:19)
    at FlowScopeHandler.checkRedeclarationInScope (/run/media/shinehealthcare/a9496acd-4335-4f6b-9ef4-2a6d2c0ce9ad/Complince Regulator by. EU-UNION/EU-UNION-COMLINCE-main/frontend/node_modules/@babel/parser/lib/index.js:1619:19)
    at FlowScopeHandler.declareName (/run/media/shinehealthcare/a9496acd-4335-4f6b-9ef4-2a6d2c0ce9ad/Complince Regulator by. EU-UNION/EU-UNION-COMLINCE-main/frontend/node_modules/@babel/parser/lib/index.js:1585:12)
    at FlowScopeHandler.declareName (/run/media/shinehealthcare/a9496acd-4335-4f6b-9ef4-2a6d2c0ce9ad/Complince Regulator by. EU-UNION/EU-UNION-COMLINCE-main/frontend/node_modules/@babel/parser/lib/index.js:1686:11)
    at FlowParserMixin.declareNameFromIdentifier (/run/media/shinehealthcare/a9496acd-4335-4f6b-9ef4-2a6d2c0ce9ad/Complince Regulator by. EU-UNION/EU-UNION-COMLINCE-main/frontend/node_modules/@babel/parser/lib/index.js:7584:16)
    at FlowParserMixin.checkIdentifier (/run/media/shinehealthcare/a9496acd-4335-4f6b-9ef4-2a6d2c0ce9ad/Complince Regulator by. EU-UNION/EU-UNION-COMLINCE-main/frontend/node_modules/@babel/parser/lib/index.js:7580:12)
    at FlowParserMixin.checkLVal (/run/media/shinehealthcare/a9496acd-4335-4f6b-9ef4-2a6d2c0ce9ad/Complince Regulator by. EU-UNION/EU-UNION-COMLINCE-main/frontend/node_modules/@babel/parser/lib/index.js:7517:12)
    at FlowParserMixin.finishImportSpecifier (/run/media/shinehealthcare/a9496acd-4335-4f6b-9ef4-2a6d2c0ce9ad/Complince Regulator by. EU-UNION/EU-UNION-COMLINCE-main/frontend/node_modules/@babel/parser/lib/index.js:14283:10)
    at FlowParserMixin.parseImportSpecifierLocal (/run/media/shinehealthcare/a9496acd-4335-4f6b-9ef4-2a6d2c0ce9ad/Complince Regulator by. EU-UNION/EU-UNION-COMLINCE-main/frontend/node_modules/@babel/parser/lib/index.js:3393:31)
    at FlowParserMixin.maybeParseDefaultImportSpecifier (/run/media/shinehealthcare/a9496acd-4335-4f6b-9ef4-2a6d2c0ce9ad/Complince Regulator by. EU-UNION/EU-UNION-COMLINCE-main/frontend/node_modules/@babel/parser/lib/index.js:14383:12)
    at FlowParserMixin.parseImportSpecifiersAndAfter (/run/media/shinehealthcare/a9496acd-4335-4f6b-9ef4-2a6d2c0ce9ad/Complince Regulator by. EU-UNION/EU-UNION-COMLINCE-main/frontend/node_modules/@babel/parser/lib/index.js:14256:29)
    at FlowParserMixin.parseImport (/run/media/shinehealthcare/a9496acd-4335-4f6b-9ef4-2a6d2c0ce9ad/Complince Regulator by. EU-UNION/EU-UNION-COMLINCE-main/frontend/node_modules/@babel/parser/lib/index.js:14252:17)
    at FlowParserMixin.parseStatementContent (/run/media/shinehealthcare/a9496acd-4335-4f6b-9ef4-2a6d2c0ce9ad/Complince Regulator by. EU-UNION/EU-UNION-COMLINCE-main/frontend/node_modules/@babel/parser/lib/index.js:12893:27)
    at FlowParserMixin.parseStatementLike (/run/media/shinehealthcare/a9496acd-4335-4f6b-9ef4-2a6d2c0ce9ad/Complince Regulator by. EU-UNION/EU-UNION-COMLINCE-main/frontend/node_modules/@babel/parser/lib/index.js:12784:17)
    at FlowParserMixin.parseStatementLike (/run/media/shinehealthcare/a9496acd-4335-4f6b-9ef4-2a6d2c0ce9ad/Complince Regulator by. EU-UNION/EU-UNION-COMLINCE-main/frontend/node_modules/@babel/parser/lib/index.js:2930:24)
    at FlowParserMixin.parseModuleItem (/run/media/shinehealthcare/a9496acd-4335-4f6b-9ef4-2a6d2c0ce9ad/Complince Regulator by. EU-UNION/EU-UNION-COMLINCE-main/frontend/node_modules/@babel/parser/lib/index.js:12761:17)
    at FlowParserMixin.parseBlockOrModuleBlockBody (/run/media/shinehealthcare/a9496acd-4335-4f6b-9ef4-2a6d2c0ce9ad/Complince Regulator by. EU-UNION/EU-UNION-COMLINCE-main/frontend/node_modules/@babel/parser/lib/index.js:13333:36)
    at FlowParserMixin.parseBlockBody (/run/media/shinehealthcare/a9496acd-4335-4f6b-9ef4-2a6d2c0ce9ad/Complince Regulator by. EU-UNION/EU-UNION-COMLINCE-main/frontend/node_modules/@babel/parser/lib/index.js:13326:10)
    at FlowParserMixin.parseProgram (/run/media/shinehealthcare/a9496acd-4335-4f6b-9ef4-2a6d2c0ce9ad/Complince Regulator by. EU-UNION/EU-UNION-COMLINCE-main/frontend/node_modules/@babel/parser/lib/index.js:12639:10)
    at FlowParserMixin.parseTopLevel (/run/media/shinehealthcare/a9496acd-4335-4f6b-9ef4-2a6d2c0ce9ad/Complince Regulator by. EU-UNION/EU-UNION-COMLINCE-main/frontend/node_modules/@babel/parser/lib/index.js:12629:25)
    at FlowParserMixin.parseTopLevel (/run/media/shinehealthcare/a9496acd-4335-4f6b-9ef4-2a6d2c0ce9ad/Complince Regulator by. EU-UNION/EU-UNION-COMLINCE-main/frontend/node_modules/@babel/parser/lib/index.js:3697:28)
    at FlowParserMixin.parse (/run/media/shinehealthcare/a9496acd-4335-4f6b-9ef4-2a6d2c0ce9ad/Complince Regulator by. EU-UNION/EU-UNION-COMLINCE-main/frontend/node_modules/@babel/parser/lib/index.js:14505:25)
    at parse (/run/media/shinehealthcare/a9496acd-4335-4f6b-9ef4-2a6d2c0ce9ad/Complince Regulator by. EU-UNION/EU-UNION-COMLINCE-main/frontend/node_modules/@babel/parser/lib/index.js:14539:38)
    at parser (/run/media/shinehealthcare/a9496acd-4335-4f6b-9ef4-2a6d2c0ce9ad/Complince Regulator by. EU-UNION/EU-UNION-COMLINCE-main/frontend/node_modules/@babel/core/lib/parser/index.js:41:34)
    at parser.next (<anonymous>)
    at normalizeFile (/run/media/shinehealthcare/a9496acd-4335-4f6b-9ef4-2a6d2c0ce9ad/Complince Regulator by. EU-UNION/EU-UNION-COMLINCE-main/frontend/node_modules/@babel/core/lib/transformation/normalize-file.js:51:37)
    at normalizeFile.next (<anonymous>)
    at run (/run/media/shinehealthcare/a9496acd-4335-4f6b-9ef4-2a6d2c0ce9ad/Complince Regulator by. EU-UNION/EU-UNION-COMLINCE-main/frontend/node_modules/@babel/core/lib/transformation/index.js:22:50)
    at run.next (<anonymous>)
    at transform (/run/media/shinehealthcare/a9496acd-4335-4f6b-9ef4-2a6d2c0ce9ad/Complince Regulator by. EU-UNION/EU-UNION-COMLINCE-main/frontend/node_modules/@babel/core/lib/transform.js:22:33)
    at transform.next (<anonymous>)
    at step (/run/media/shinehealthcare/a9496acd-4335-4f6b-9ef4-2a6d2c0ce9ad/Complince Regulator by. EU-UNION/EU-UNION-COMLINCE-main/frontend/node_modules/gensync/index.js:261:32)
    at /run/media/shinehealthcare/a9496acd-4335-4f6b-9ef4-2a6d2c0ce9ad/Complince Regulator by. EU-UNION/EU-UNION-COMLINCE-main/frontend/node_modules/gensync/index.js:273:13
    at async.call.result.err.err (/run/media/shinehealthcare/a9496acd-4335-4f6b-9ef4-2a6d2c0ce9ad/Complince Regulator by. EU-UNION/EU-UNION-COMLINCE-main/frontend/node_modules/gensync/index.js:223:11)

ERROR in [eslint] 
src/App.js
  Line 20:7:  Parsing error: Identifier 'Sandbox' has already been declared. (20:7)

webpack compiled with 2 errors
Compiling...
Failed to compile.

[eslint] 
src/App.js
Syntax error: Identifier 'AuthProvider' has already been declared. (21:9) (21:9)
ERROR in ./src/App.js
Module build failed (from ./node_modules/babel-loader/lib/index.js):
SyntaxError: /run/media/shinehealthcare/a9496acd-4335-4f6b-9ef4-2a6d2c0ce9ad/Complince Regulator by. EU-UNION/EU-UNION-COMLINCE-main/frontend/src/App.js: Identifier 'AuthProvider' has already been declared. (21:9)

  19 | import IdentityBroker from "./pages/IdentityBroker";
  20 | import { AuthProvider, AuthCallback } from "./lib/auth";
> 21 | import { AuthProvider, AuthCallback } from "./lib/auth";
     |          ^
  22 | import "./i18n";
  23 | import "./App.css";
  24 |
    at constructor (/run/media/shinehealthcare/a9496acd-4335-4f6b-9ef4-2a6d2c0ce9ad/Complince Regulator by. EU-UNION/EU-UNION-COMLINCE-main/frontend/node_modules/@babel/parser/lib/index.js:365:19)
    at FlowParserMixin.raise (/run/media/shinehealthcare/a9496acd-4335-4f6b-9ef4-2a6d2c0ce9ad/Complince Regulator by. EU-UNION/EU-UNION-COMLINCE-main/frontend/node_modules/@babel/parser/lib/index.js:6616:19)
    at FlowScopeHandler.checkRedeclarationInScope (/run/media/shinehealthcare/a9496acd-4335-4f6b-9ef4-2a6d2c0ce9ad/Complince Regulator by. EU-UNION/EU-UNION-COMLINCE-main/frontend/node_modules/@babel/parser/lib/index.js:1619:19)
    at FlowScopeHandler.declareName (/run/media/shinehealthcare/a9496acd-4335-4f6b-9ef4-2a6d2c0ce9ad/Complince Regulator by. EU-UNION/EU-UNION-COMLINCE-main/frontend/node_modules/@babel/parser/lib/index.js:1585:12)
    at FlowScopeHandler.declareName (/run/media/shinehealthcare/a9496acd-4335-4f6b-9ef4-2a6d2c0ce9ad/Complince Regulator by. EU-UNION/EU-UNION-COMLINCE-main/frontend/node_modules/@babel/parser/lib/index.js:1686:11)
    at FlowParserMixin.declareNameFromIdentifier (/run/media/shinehealthcare/a9496acd-4335-4f6b-9ef4-2a6d2c0ce9ad/Complince Regulator by. EU-UNION/EU-UNION-COMLINCE-main/frontend/node_modules/@babel/parser/lib/index.js:7584:16)
    at FlowParserMixin.checkIdentifier (/run/media/shinehealthcare/a9496acd-4335-4f6b-9ef4-2a6d2c0ce9ad/Complince Regulator by. EU-UNION/EU-UNION-COMLINCE-main/frontend/node_modules/@babel/parser/lib/index.js:7580:12)
    at FlowParserMixin.checkLVal (/run/media/shinehealthcare/a9496acd-4335-4f6b-9ef4-2a6d2c0ce9ad/Complince Regulator by. EU-UNION/EU-UNION-COMLINCE-main/frontend/node_modules/@babel/parser/lib/index.js:7517:12)
    at FlowParserMixin.finishImportSpecifier (/run/media/shinehealthcare/a9496acd-4335-4f6b-9ef4-2a6d2c0ce9ad/Complince Regulator by. EU-UNION/EU-UNION-COMLINCE-main/frontend/node_modules/@babel/parser/lib/index.js:14283:10)
    at FlowParserMixin.parseImportSpecifier (/run/media/shinehealthcare/a9496acd-4335-4f6b-9ef4-2a6d2c0ce9ad/Complince Regulator by. EU-UNION/EU-UNION-COMLINCE-main/frontend/node_modules/@babel/parser/lib/index.js:3468:17)
    at FlowParserMixin.parseNamedImportSpecifiers (/run/media/shinehealthcare/a9496acd-4335-4f6b-9ef4-2a6d2c0ce9ad/Complince Regulator by. EU-UNION/EU-UNION-COMLINCE-main/frontend/node_modules/@babel/parser/lib/index.js:14415:36)
    at FlowParserMixin.parseImportSpecifiersAndAfter (/run/media/shinehealthcare/a9496acd-4335-4f6b-9ef4-2a6d2c0ce9ad/Complince Regulator by. EU-UNION/EU-UNION-COMLINCE-main/frontend/node_modules/@babel/parser/lib/index.js:14259:37)
    at FlowParserMixin.parseImport (/run/media/shinehealthcare/a9496acd-4335-4f6b-9ef4-2a6d2c0ce9ad/Complince Regulator by. EU-UNION/EU-UNION-COMLINCE-main/frontend/node_modules/@babel/parser/lib/index.js:14252:17)
    at FlowParserMixin.parseStatementContent (/run/media/shinehealthcare/a9496acd-4335-4f6b-9ef4-2a6d2c0ce9ad/Complince Regulator by. EU-UNION/EU-UNION-COMLINCE-main/frontend/node_modules/@babel/parser/lib/index.js:12893:27)
    at FlowParserMixin.parseStatementLike (/run/media/shinehealthcare/a9496acd-4335-4f6b-9ef4-2a6d2c0ce9ad/Complince Regulator by. EU-UNION/EU-UNION-COMLINCE-main/frontend/node_modules/@babel/parser/lib/index.js:12784:17)
    at FlowParserMixin.parseStatementLike (/run/media/shinehealthcare/a9496acd-4335-4f6b-9ef4-2a6d2c0ce9ad/Complince Regulator by. EU-UNION/EU-UNION-COMLINCE-main/frontend/node_modules/@babel/parser/lib/index.js:2930:24)
    at FlowParserMixin.parseModuleItem (/run/media/shinehealthcare/a9496acd-4335-4f6b-9ef4-2a6d2c0ce9ad/Complince Regulator by. EU-UNION/EU-UNION-COMLINCE-main/frontend/node_modules/@babel/parser/lib/index.js:12761:17)
    at FlowParserMixin.parseBlockOrModuleBlockBody (/run/media/shinehealthcare/a9496acd-4335-4f6b-9ef4-2a6d2c0ce9ad/Complince Regulator by. EU-UNION/EU-UNION-COMLINCE-main/frontend/node_modules/@babel/parser/lib/index.js:13333:36)
    at FlowParserMixin.parseBlockBody (/run/media/shinehealthcare/a9496acd-4335-4f6b-9ef4-2a6d2c0ce9ad/Complince Regulator by. EU-UNION/EU-UNION-COMLINCE-main/frontend/node_modules/@babel/parser/lib/index.js:13326:10)
    at FlowParserMixin.parseProgram (/run/media/shinehealthcare/a9496acd-4335-4f6b-9ef4-2a6d2c0ce9ad/Complince Regulator by. EU-UNION/EU-UNION-COMLINCE-main/frontend/node_modules/@babel/parser/lib/index.js:12639:10)
    at FlowParserMixin.parseTopLevel (/run/media/shinehealthcare/a9496acd-4335-4f6b-9ef4-2a6d2c0ce9ad/Complince Regulator by. EU-UNION/EU-UNION-COMLINCE-main/frontend/node_modules/@babel/parser/lib/index.js:12629:25)
    at FlowParserMixin.parseTopLevel (/run/media/shinehealthcare/a9496acd-4335-4f6b-9ef4-2a6d2c0ce9ad/Complince Regulator by. EU-UNION/EU-UNION-COMLINCE-main/frontend/node_modules/@babel/parser/lib/index.js:3697:28)
    at FlowParserMixin.parse (/run/media/shinehealthcare/a9496acd-4335-4f6b-9ef4-2a6d2c0ce9ad/Complince Regulator by. EU-UNION/EU-UNION-COMLINCE-main/frontend/node_modules/@babel/parser/lib/index.js:14505:25)
    at parse (/run/media/shinehealthcare/a9496acd-4335-4f6b-9ef4-2a6d2c0ce9ad/Complince Regulator by. EU-UNION/EU-UNION-COMLINCE-main/frontend/node_modules/@babel/parser/lib/index.js:14539:38)
    at parser (/run/media/shinehealthcare/a9496acd-4335-4f6b-9ef4-2a6d2c0ce9ad/Complince Regulator by. EU-UNION/EU-UNION-COMLINCE-main/frontend/node_modules/@babel/core/lib/parser/index.js:41:34)
    at parser.next (<anonymous>)
    at normalizeFile (/run/media/shinehealthcare/a9496acd-4335-4f6b-9ef4-2a6d2c0ce9ad/Complince Regulator by. EU-UNION/EU-UNION-COMLINCE-main/frontend/node_modules/@babel/core/lib/transformation/normalize-file.js:51:37)
    at normalizeFile.next (<anonymous>)
    at run (/run/media/shinehealthcare/a9496acd-4335-4f6b-9ef4-2a6d2c0ce9ad/Complince Regulator by. EU-UNION/EU-UNION-COMLINCE-main/frontend/node_modules/@babel/core/lib/transformation/index.js:22:50)
    at run.next (<anonymous>)
    at transform (/run/media/shinehealthcare/a9496acd-4335-4f6b-9ef4-2a6d2c0ce9ad/Complince Regulator by. EU-UNION/EU-UNION-COMLINCE-main/frontend/node_modules/@babel/core/lib/transform.js:22:33)
    at transform.next (<anonymous>)
    at step (/run/media/shinehealthcare/a9496acd-4335-4f6b-9ef4-2a6d2c0ce9ad/Complince Regulator by. EU-UNION/EU-UNION-COMLINCE-main/frontend/node_modules/gensync/index.js:261:32)
    at /run/media/shinehealthcare/a9496acd-4335-4f6b-9ef4-2a6d2c0ce9ad/Complince Regulator by. EU-UNION/EU-UNION-COMLINCE-main/frontend/node_modules/gensync/index.js:273:13
    at async.call.result.err.err (/run/media/shinehealthcare/a9496acd-4335-4f6b-9ef4-2a6d2c0ce9ad/Complince Regulator by. EU-UNION/EU-UNION-COMLINCE-main/frontend/node_modules/gensync/index.js:223:11)

ERROR in [eslint] 
src/App.js
  Line 21:9:  Parsing error: Identifier 'AuthProvider' has already been declared. (21:9)

webpack compiled with 2 errors
Compiling...
Compiled successfully!
webpack compiled successfully
Compiling...
Compiled successfully!
webpack compiled successfully
Compiling...
Compiled successfully!
webpack compiled successfully
Compiling...
Failed to compile.

[eslint] 
src/i18n.js
Syntax error: Unexpected token, expected "," (319:1) (319:1)
ERROR in ./src/i18n.js
Module build failed (from ./node_modules/babel-loader/lib/index.js):
SyntaxError: /run/media/shinehealthcare/a9496acd-4335-4f6b-9ef4-2a6d2c0ce9ad/Complince Regulator by. EU-UNION/EU-UNION-COMLINCE-main/frontend/src/i18n.js: Unexpected token, expected "," (319:1)

  317 |     },
  318 |   },
> 319 | };
      |  ^
  320 |
  321 | const stored = typeof window !== "undefined" ? window.localStorage.getItem("eudi_lang") : null;
  322 |
    at constructor (/run/media/shinehealthcare/a9496acd-4335-4f6b-9ef4-2a6d2c0ce9ad/Complince Regulator by. EU-UNION/EU-UNION-COMLINCE-main/frontend/node_modules/@babel/parser/lib/index.js:365:19)
    at FlowParserMixin.raise (/run/media/shinehealthcare/a9496acd-4335-4f6b-9ef4-2a6d2c0ce9ad/Complince Regulator by. EU-UNION/EU-UNION-COMLINCE-main/frontend/node_modules/@babel/parser/lib/index.js:6616:19)
    at FlowParserMixin.unexpected (/run/media/shinehealthcare/a9496acd-4335-4f6b-9ef4-2a6d2c0ce9ad/Complince Regulator by. EU-UNION/EU-UNION-COMLINCE-main/frontend/node_modules/@babel/parser/lib/index.js:6636:16)
    at FlowParserMixin.expect (/run/media/shinehealthcare/a9496acd-4335-4f6b-9ef4-2a6d2c0ce9ad/Complince Regulator by. EU-UNION/EU-UNION-COMLINCE-main/frontend/node_modules/@babel/parser/lib/index.js:6916:12)
    at FlowParserMixin.parseObjectLike (/run/media/shinehealthcare/a9496acd-4335-4f6b-9ef4-2a6d2c0ce9ad/Complince Regulator by. EU-UNION/EU-UNION-COMLINCE-main/frontend/node_modules/@babel/parser/lib/index.js:11839:14)
    at FlowParserMixin.parseExprAtom (/run/media/shinehealthcare/a9496acd-4335-4f6b-9ef4-2a6d2c0ce9ad/Complince Regulator by. EU-UNION/EU-UNION-COMLINCE-main/frontend/node_modules/@babel/parser/lib/index.js:11356:23)
    at FlowParserMixin.parseExprAtom (/run/media/shinehealthcare/a9496acd-4335-4f6b-9ef4-2a6d2c0ce9ad/Complince Regulator by. EU-UNION/EU-UNION-COMLINCE-main/frontend/node_modules/@babel/parser/lib/index.js:4776:20)
    at FlowParserMixin.parseExprSubscripts (/run/media/shinehealthcare/a9496acd-4335-4f6b-9ef4-2a6d2c0ce9ad/Complince Regulator by. EU-UNION/EU-UNION-COMLINCE-main/frontend/node_modules/@babel/parser/lib/index.js:11098:23)
    at FlowParserMixin.parseUpdate (/run/media/shinehealthcare/a9496acd-4335-4f6b-9ef4-2a6d2c0ce9ad/Complince Regulator by. EU-UNION/EU-UNION-COMLINCE-main/frontend/node_modules/@babel/parser/lib/index.js:11083:21)
    at FlowParserMixin.parseMaybeUnary (/run/media/shinehealthcare/a9496acd-4335-4f6b-9ef4-2a6d2c0ce9ad/Complince Regulator by. EU-UNION/EU-UNION-COMLINCE-main/frontend/node_modules/@babel/parser/lib/index.js:11063:23)
    at FlowParserMixin.parseMaybeUnaryOrPrivate (/run/media/shinehealthcare/a9496acd-4335-4f6b-9ef4-2a6d2c0ce9ad/Complince Regulator by. EU-UNION/EU-UNION-COMLINCE-main/frontend/node_modules/@babel/parser/lib/index.js:10916:61)
    at FlowParserMixin.parseExprOps (/run/media/shinehealthcare/a9496acd-4335-4f6b-9ef4-2a6d2c0ce9ad/Complince Regulator by. EU-UNION/EU-UNION-COMLINCE-main/frontend/node_modules/@babel/parser/lib/index.js:10921:23)
    at FlowParserMixin.parseMaybeConditional (/run/media/shinehealthcare/a9496acd-4335-4f6b-9ef4-2a6d2c0ce9ad/Complince Regulator by. EU-UNION/EU-UNION-COMLINCE-main/frontend/node_modules/@babel/parser/lib/index.js:10898:23)
    at FlowParserMixin.parseMaybeAssign (/run/media/shinehealthcare/a9496acd-4335-4f6b-9ef4-2a6d2c0ce9ad/Complince Regulator by. EU-UNION/EU-UNION-COMLINCE-main/frontend/node_modules/@babel/parser/lib/index.js:10848:21)
    at FlowParserMixin.parseMaybeAssign (/run/media/shinehealthcare/a9496acd-4335-4f6b-9ef4-2a6d2c0ce9ad/Complince Regulator by. EU-UNION/EU-UNION-COMLINCE-main/frontend/node_modules/@babel/parser/lib/index.js:3561:18)
    at /run/media/shinehealthcare/a9496acd-4335-4f6b-9ef4-2a6d2c0ce9ad/Complince Regulator by. EU-UNION/EU-UNION-COMLINCE-main/frontend/node_modules/@babel/parser/lib/index.js:10817:39
    at FlowParserMixin.allowInAnd (/run/media/shinehealthcare/a9496acd-4335-4f6b-9ef4-2a6d2c0ce9ad/Complince Regulator by. EU-UNION/EU-UNION-COMLINCE-main/frontend/node_modules/@babel/parser/lib/index.js:12438:16)
    at FlowParserMixin.parseMaybeAssignAllowIn (/run/media/shinehealthcare/a9496acd-4335-4f6b-9ef4-2a6d2c0ce9ad/Complince Regulator by. EU-UNION/EU-UNION-COMLINCE-main/frontend/node_modules/@babel/parser/lib/index.js:10817:17)
    at FlowParserMixin.parseVar (/run/media/shinehealthcare/a9496acd-4335-4f6b-9ef4-2a6d2c0ce9ad/Complince Regulator by. EU-UNION/EU-UNION-COMLINCE-main/frontend/node_modules/@babel/parser/lib/index.js:13401:91)
    at FlowParserMixin.parseVarStatement (/run/media/shinehealthcare/a9496acd-4335-4f6b-9ef4-2a6d2c0ce9ad/Complince Regulator by. EU-UNION/EU-UNION-COMLINCE-main/frontend/node_modules/@babel/parser/lib/index.js:13247:10)
    at FlowParserMixin.parseStatementContent (/run/media/shinehealthcare/a9496acd-4335-4f6b-9ef4-2a6d2c0ce9ad/Complince Regulator by. EU-UNION/EU-UNION-COMLINCE-main/frontend/node_modules/@babel/parser/lib/index.js:12868:23)
    at FlowParserMixin.parseStatementLike (/run/media/shinehealthcare/a9496acd-4335-4f6b-9ef4-2a6d2c0ce9ad/Complince Regulator by. EU-UNION/EU-UNION-COMLINCE-main/frontend/node_modules/@babel/parser/lib/index.js:12784:17)
    at FlowParserMixin.parseStatementLike (/run/media/shinehealthcare/a9496acd-4335-4f6b-9ef4-2a6d2c0ce9ad/Complince Regulator by. EU-UNION/EU-UNION-COMLINCE-main/frontend/node_modules/@babel/parser/lib/index.js:2930:24)
    at FlowParserMixin.parseModuleItem (/run/media/shinehealthcare/a9496acd-4335-4f6b-9ef4-2a6d2c0ce9ad/Complince Regulator by. EU-UNION/EU-UNION-COMLINCE-main/frontend/node_modules/@babel/parser/lib/index.js:12761:17)
    at FlowParserMixin.parseBlockOrModuleBlockBody (/run/media/shinehealthcare/a9496acd-4335-4f6b-9ef4-2a6d2c0ce9ad/Complince Regulator by. EU-UNION/EU-UNION-COMLINCE-main/frontend/node_modules/@babel/parser/lib/index.js:13333:36)
    at FlowParserMixin.parseBlockBody (/run/media/shinehealthcare/a9496acd-4335-4f6b-9ef4-2a6d2c0ce9ad/Complince Regulator by. EU-UNION/EU-UNION-COMLINCE-main/frontend/node_modules/@babel/parser/lib/index.js:13326:10)
    at FlowParserMixin.parseProgram (/run/media/shinehealthcare/a9496acd-4335-4f6b-9ef4-2a6d2c0ce9ad/Complince Regulator by. EU-UNION/EU-UNION-COMLINCE-main/frontend/node_modules/@babel/parser/lib/index.js:12639:10)
    at FlowParserMixin.parseTopLevel (/run/media/shinehealthcare/a9496acd-4335-4f6b-9ef4-2a6d2c0ce9ad/Complince Regulator by. EU-UNION/EU-UNION-COMLINCE-main/frontend/node_modules/@babel/parser/lib/index.js:12629:25)
    at FlowParserMixin.parseTopLevel (/run/media/shinehealthcare/a9496acd-4335-4f6b-9ef4-2a6d2c0ce9ad/Complince Regulator by. EU-UNION/EU-UNION-COMLINCE-main/frontend/node_modules/@babel/parser/lib/index.js:3697:28)
    at FlowParserMixin.parse (/run/media/shinehealthcare/a9496acd-4335-4f6b-9ef4-2a6d2c0ce9ad/Complince Regulator by. EU-UNION/EU-UNION-COMLINCE-main/frontend/node_modules/@babel/parser/lib/index.js:14505:25)
    at parse (/run/media/shinehealthcare/a9496acd-4335-4f6b-9ef4-2a6d2c0ce9ad/Complince Regulator by. EU-UNION/EU-UNION-COMLINCE-main/frontend/node_modules/@babel/parser/lib/index.js:14539:38)
    at parser (/run/media/shinehealthcare/a9496acd-4335-4f6b-9ef4-2a6d2c0ce9ad/Complince Regulator by. EU-UNION/EU-UNION-COMLINCE-main/frontend/node_modules/@babel/core/lib/parser/index.js:41:34)
    at parser.next (<anonymous>)
    at normalizeFile (/run/media/shinehealthcare/a9496acd-4335-4f6b-9ef4-2a6d2c0ce9ad/Complince Regulator by. EU-UNION/EU-UNION-COMLINCE-main/frontend/node_modules/@babel/core/lib/transformation/normalize-file.js:51:37)
    at normalizeFile.next (<anonymous>)
    at run (/run/media/shinehealthcare/a9496acd-4335-4f6b-9ef4-2a6d2c0ce9ad/Complince Regulator by. EU-UNION/EU-UNION-COMLINCE-main/frontend/node_modules/@babel/core/lib/transformation/index.js:22:50)
    at run.next (<anonymous>)
    at transform (/run/media/shinehealthcare/a9496acd-4335-4f6b-9ef4-2a6d2c0ce9ad/Complince Regulator by. EU-UNION/EU-UNION-COMLINCE-main/frontend/node_modules/@babel/core/lib/transform.js:22:33)
    at transform.next (<anonymous>)
    at step (/run/media/shinehealthcare/a9496acd-4335-4f6b-9ef4-2a6d2c0ce9ad/Complince Regulator by. EU-UNION/EU-UNION-COMLINCE-main/frontend/node_modules/gensync/index.js:261:32)
    at /run/media/shinehealthcare/a9496acd-4335-4f6b-9ef4-2a6d2c0ce9ad/Complince Regulator by. EU-UNION/EU-UNION-COMLINCE-main/frontend/node_modules/gensync/index.js:273:13
    at async.call.result.err.err (/run/media/shinehealthcare/a9496acd-4335-4f6b-9ef4-2a6d2c0ce9ad/Complince Regulator by. EU-UNION/EU-UNION-COMLINCE-main/frontend/node_modules/gensync/index.js:223:11)

ERROR in [eslint] 
src/i18n.js
  Line 319:1:  Parsing error: Unexpected token, expected "," (319:1)

webpack compiled with 2 errors
Compiling...
Compiled successfully!
webpack compiled successfully
Compiling...
Failed to compile.

[eslint] 
src/i18n.js
Syntax error: Unexpected token, expected "," (226:15) (226:15)
ERROR in ./src/i18n.js
Module build failed (from ./node_modules/babel-loader/lib/index.js):
SyntaxError: /run/media/shinehealthcare/a9496acd-4335-4f6b-9ef4-2a6d2c0ce9ad/Complince Regulator by. EU-UNION/EU-UNION-COMLINCE-main/frontend/src/i18n.js: Unexpected token, expected "," (226:15)

  224 |         title: "The eIDAS 2.0 reference platform, built from raw cryptography up.",
  225 |         subtitle:
> 226 |           sdjwt: "SD-JWT VC",
      |                ^
  227 |           mdoc: "mDoc (ISO 18013-5)",
  228 |           country: "Country adapters",
  229 |         },
    at constructor (/run/media/shinehealthcare/a9496acd-4335-4f6b-9ef4-2a6d2c0ce9ad/Complince Regulator by. EU-UNION/EU-UNION-COMLINCE-main/frontend/node_modules/@babel/parser/lib/index.js:365:19)
    at FlowParserMixin.raise (/run/media/shinehealthcare/a9496acd-4335-4f6b-9ef4-2a6d2c0ce9ad/Complince Regulator by. EU-UNION/EU-UNION-COMLINCE-main/frontend/node_modules/@babel/parser/lib/index.js:6616:19)
    at FlowParserMixin.unexpected (/run/media/shinehealthcare/a9496acd-4335-4f6b-9ef4-2a6d2c0ce9ad/Complince Regulator by. EU-UNION/EU-UNION-COMLINCE-main/frontend/node_modules/@babel/parser/lib/index.js:6636:16)
    at FlowParserMixin.expect (/run/media/shinehealthcare/a9496acd-4335-4f6b-9ef4-2a6d2c0ce9ad/Complince Regulator by. EU-UNION/EU-UNION-COMLINCE-main/frontend/node_modules/@babel/parser/lib/index.js:6916:12)
    at FlowParserMixin.parseObjectLike (/run/media/shinehealthcare/a9496acd-4335-4f6b-9ef4-2a6d2c0ce9ad/Complince Regulator by. EU-UNION/EU-UNION-COMLINCE-main/frontend/node_modules/@babel/parser/lib/index.js:11839:14)
    at FlowParserMixin.parseExprAtom (/run/media/shinehealthcare/a9496acd-4335-4f6b-9ef4-2a6d2c0ce9ad/Complince Regulator by. EU-UNION/EU-UNION-COMLINCE-main/frontend/node_modules/@babel/parser/lib/index.js:11356:23)
    at FlowParserMixin.parseExprAtom (/run/media/shinehealthcare/a9496acd-4335-4f6b-9ef4-2a6d2c0ce9ad/Complince Regulator by. EU-UNION/EU-UNION-COMLINCE-main/frontend/node_modules/@babel/parser/lib/index.js:4776:20)
    at FlowParserMixin.parseExprSubscripts (/run/media/shinehealthcare/a9496acd-4335-4f6b-9ef4-2a6d2c0ce9ad/Complince Regulator by. EU-UNION/EU-UNION-COMLINCE-main/frontend/node_modules/@babel/parser/lib/index.js:11098:23)
    at FlowParserMixin.parseUpdate (/run/media/shinehealthcare/a9496acd-4335-4f6b-9ef4-2a6d2c0ce9ad/Complince Regulator by. EU-UNION/EU-UNION-COMLINCE-main/frontend/node_modules/@babel/parser/lib/index.js:11083:21)
    at FlowParserMixin.parseMaybeUnary (/run/media/shinehealthcare/a9496acd-4335-4f6b-9ef4-2a6d2c0ce9ad/Complince Regulator by. EU-UNION/EU-UNION-COMLINCE-main/frontend/node_modules/@babel/parser/lib/index.js:11063:23)
    at FlowParserMixin.parseMaybeUnaryOrPrivate (/run/media/shinehealthcare/a9496acd-4335-4f6b-9ef4-2a6d2c0ce9ad/Complince Regulator by. EU-UNION/EU-UNION-COMLINCE-main/frontend/node_modules/@babel/parser/lib/index.js:10916:61)
    at FlowParserMixin.parseExprOps (/run/media/shinehealthcare/a9496acd-4335-4f6b-9ef4-2a6d2c0ce9ad/Complince Regulator by. EU-UNION/EU-UNION-COMLINCE-main/frontend/node_modules/@babel/parser/lib/index.js:10921:23)
    at FlowParserMixin.parseMaybeConditional (/run/media/shinehealthcare/a9496acd-4335-4f6b-9ef4-2a6d2c0ce9ad/Complince Regulator by. EU-UNION/EU-UNION-COMLINCE-main/frontend/node_modules/@babel/parser/lib/index.js:10898:23)
    at FlowParserMixin.parseMaybeAssign (/run/media/shinehealthcare/a9496acd-4335-4f6b-9ef4-2a6d2c0ce9ad/Complince Regulator by. EU-UNION/EU-UNION-COMLINCE-main/frontend/node_modules/@babel/parser/lib/index.js:10848:21)
    at FlowParserMixin.parseMaybeAssign (/run/media/shinehealthcare/a9496acd-4335-4f6b-9ef4-2a6d2c0ce9ad/Complince Regulator by. EU-UNION/EU-UNION-COMLINCE-main/frontend/node_modules/@babel/parser/lib/index.js:3561:18)
    at /run/media/shinehealthcare/a9496acd-4335-4f6b-9ef4-2a6d2c0ce9ad/Complince Regulator by. EU-UNION/EU-UNION-COMLINCE-main/frontend/node_modules/@babel/parser/lib/index.js:10817:39
    at FlowParserMixin.allowInAnd (/run/media/shinehealthcare/a9496acd-4335-4f6b-9ef4-2a6d2c0ce9ad/Complince Regulator by. EU-UNION/EU-UNION-COMLINCE-main/frontend/node_modules/@babel/parser/lib/index.js:12443:12)
    at FlowParserMixin.parseMaybeAssignAllowIn (/run/media/shinehealthcare/a9496acd-4335-4f6b-9ef4-2a6d2c0ce9ad/Complince Regulator by. EU-UNION/EU-UNION-COMLINCE-main/frontend/node_modules/@babel/parser/lib/index.js:10817:17)
    at FlowParserMixin.parseMaybeAssignAllowInOrVoidPattern (/run/media/shinehealthcare/a9496acd-4335-4f6b-9ef4-2a6d2c0ce9ad/Complince Regulator by. EU-UNION/EU-UNION-COMLINCE-main/frontend/node_modules/@babel/parser/lib/index.js:12510:17)
    at FlowParserMixin.parseObjectProperty (/run/media/shinehealthcare/a9496acd-4335-4f6b-9ef4-2a6d2c0ce9ad/Complince Regulator by. EU-UNION/EU-UNION-COMLINCE-main/frontend/node_modules/@babel/parser/lib/index.js:11967:83)
    at FlowParserMixin.parseObjPropValue (/run/media/shinehealthcare/a9496acd-4335-4f6b-9ef4-2a6d2c0ce9ad/Complince Regulator by. EU-UNION/EU-UNION-COMLINCE-main/frontend/node_modules/@babel/parser/lib/index.js:11995:100)
    at FlowParserMixin.parseObjPropValue (/run/media/shinehealthcare/a9496acd-4335-4f6b-9ef4-2a6d2c0ce9ad/Complince Regulator by. EU-UNION/EU-UNION-COMLINCE-main/frontend/node_modules/@babel/parser/lib/index.js:3351:26)
    at FlowParserMixin.parsePropertyDefinition (/run/media/shinehealthcare/a9496acd-4335-4f6b-9ef4-2a6d2c0ce9ad/Complince Regulator by. EU-UNION/EU-UNION-COMLINCE-main/frontend/node_modules/@babel/parser/lib/index.js:11932:17)
    at FlowParserMixin.parseObjectLike (/run/media/shinehealthcare/a9496acd-4335-4f6b-9ef4-2a6d2c0ce9ad/Complince Regulator by. EU-UNION/EU-UNION-COMLINCE-main/frontend/node_modules/@babel/parser/lib/index.js:11849:21)
    at FlowParserMixin.parseExprAtom (/run/media/shinehealthcare/a9496acd-4335-4f6b-9ef4-2a6d2c0ce9ad/Complince Regulator by. EU-UNION/EU-UNION-COMLINCE-main/frontend/node_modules/@babel/parser/lib/index.js:11356:23)
    at FlowParserMixin.parseExprAtom (/run/media/shinehealthcare/a9496acd-4335-4f6b-9ef4-2a6d2c0ce9ad/Complince Regulator by. EU-UNION/EU-UNION-COMLINCE-main/frontend/node_modules/@babel/parser/lib/index.js:4776:20)
    at FlowParserMixin.parseExprSubscripts (/run/media/shinehealthcare/a9496acd-4335-4f6b-9ef4-2a6d2c0ce9ad/Complince Regulator by. EU-UNION/EU-UNION-COMLINCE-main/frontend/node_modules/@babel/parser/lib/index.js:11098:23)
    at FlowParserMixin.parseUpdate (/run/media/shinehealthcare/a9496acd-4335-4f6b-9ef4-2a6d2c0ce9ad/Complince Regulator by. EU-UNION/EU-UNION-COMLINCE-main/frontend/node_modules/@babel/parser/lib/index.js:11083:21)
    at FlowParserMixin.parseMaybeUnary (/run/media/shinehealthcare/a9496acd-4335-4f6b-9ef4-2a6d2c0ce9ad/Complince Regulator by. EU-UNION/EU-UNION-COMLINCE-main/frontend/node_modules/@babel/parser/lib/index.js:11063:23)
    at FlowParserMixin.parseMaybeUnaryOrPrivate (/run/media/shinehealthcare/a9496acd-4335-4f6b-9ef4-2a6d2c0ce9ad/Complince Regulator by. EU-UNION/EU-UNION-COMLINCE-main/frontend/node_modules/@babel/parser/lib/index.js:10916:61)
    at FlowParserMixin.parseExprOps (/run/media/shinehealthcare/a9496acd-4335-4f6b-9ef4-2a6d2c0ce9ad/Complince Regulator by. EU-UNION/EU-UNION-COMLINCE-main/frontend/node_modules/@babel/parser/lib/index.js:10921:23)
    at FlowParserMixin.parseMaybeConditional (/run/media/shinehealthcare/a9496acd-4335-4f6b-9ef4-2a6d2c0ce9ad/Complince Regulator by. EU-UNION/EU-UNION-COMLINCE-main/frontend/node_modules/@babel/parser/lib/index.js:10898:23)
    at FlowParserMixin.parseMaybeAssign (/run/media/shinehealthcare/a9496acd-4335-4f6b-9ef4-2a6d2c0ce9ad/Complince Regulator by. EU-UNION/EU-UNION-COMLINCE-main/frontend/node_modules/@babel/parser/lib/index.js:10848:21)
    at FlowParserMixin.parseMaybeAssign (/run/media/shinehealthcare/a9496acd-4335-4f6b-9ef4-2a6d2c0ce9ad/Complince Regulator by. EU-UNION/EU-UNION-COMLINCE-main/frontend/node_modules/@babel/parser/lib/index.js:3561:18)
    at /run/media/shinehealthcare/a9496acd-4335-4f6b-9ef4-2a6d2c0ce9ad/Complince Regulator by. EU-UNION/EU-UNION-COMLINCE-main/frontend/node_modules/@babel/parser/lib/index.js:10817:39
    at FlowParserMixin.allowInAnd (/run/media/shinehealthcare/a9496acd-4335-4f6b-9ef4-2a6d2c0ce9ad/Complince Regulator by. EU-UNION/EU-UNION-COMLINCE-main/frontend/node_modules/@babel/parser/lib/index.js:12443:12)
    at FlowParserMixin.parseMaybeAssignAllowIn (/run/media/shinehealthcare/a9496acd-4335-4f6b-9ef4-2a6d2c0ce9ad/Complince Regulator by. EU-UNION/EU-UNION-COMLINCE-main/frontend/node_modules/@babel/parser/lib/index.js:10817:17)
    at FlowParserMixin.parseMaybeAssignAllowInOrVoidPattern (/run/media/shinehealthcare/a9496acd-4335-4f6b-9ef4-2a6d2c0ce9ad/Complince Regulator by. EU-UNION/EU-UNION-COMLINCE-main/frontend/node_modules/@babel/parser/lib/index.js:12510:17)
    at FlowParserMixin.parseObjectProperty (/run/media/shinehealthcare/a9496acd-4335-4f6b-9ef4-2a6d2c0ce9ad/Complince Regulator by. EU-UNION/EU-UNION-COMLINCE-main/frontend/node_modules/@babel/parser/lib/index.js:11967:83)
    at FlowParserMixin.parseObjPropValue (/run/media/shinehealthcare/a9496acd-4335-4f6b-9ef4-2a6d2c0ce9ad/Complince Regulator by. EU-UNION/EU-UNION-COMLINCE-main/frontend/node_modules/@babel/parser/lib/index.js:11995:100)
    at FlowParserMixin.parseObjPropValue (/run/media/shinehealthcare/a9496acd-4335-4f6b-9ef4-2a6d2c0ce9ad/Complince Regulator by. EU-UNION/EU-UNION-COMLINCE-main/frontend/node_modules/@babel/parser/lib/index.js:3351:26)
    at FlowParserMixin.parsePropertyDefinition (/run/media/shinehealthcare/a9496acd-4335-4f6b-9ef4-2a6d2c0ce9ad/Complince Regulator by. EU-UNION/EU-UNION-COMLINCE-main/frontend/node_modules/@babel/parser/lib/index.js:11932:17)
    at FlowParserMixin.parseObjectLike (/run/media/shinehealthcare/a9496acd-4335-4f6b-9ef4-2a6d2c0ce9ad/Complince Regulator by. EU-UNION/EU-UNION-COMLINCE-main/frontend/node_modules/@babel/parser/lib/index.js:11849:21)
    at FlowParserMixin.parseExprAtom (/run/media/shinehealthcare/a9496acd-4335-4f6b-9ef4-2a6d2c0ce9ad/Complince Regulator by. EU-UNION/EU-UNION-COMLINCE-main/frontend/node_modules/@babel/parser/lib/index.js:11356:23)
    at FlowParserMixin.parseExprAtom (/run/media/shinehealthcare/a9496acd-4335-4f6b-9ef4-2a6d2c0ce9ad/Complince Regulator by. EU-UNION/EU-UNION-COMLINCE-main/frontend/node_modules/@babel/parser/lib/index.js:4776:20)
    at FlowParserMixin.parseExprSubscripts (/run/media/shinehealthcare/a9496acd-4335-4f6b-9ef4-2a6d2c0ce9ad/Complince Regulator by. EU-UNION/EU-UNION-COMLINCE-main/frontend/node_modules/@babel/parser/lib/index.js:11098:23)
    at FlowParserMixin.parseUpdate (/run/media/shinehealthcare/a9496acd-4335-4f6b-9ef4-2a6d2c0ce9ad/Complince Regulator by. EU-UNION/EU-UNION-COMLINCE-main/frontend/node_modules/@babel/parser/lib/index.js:11083:21)
    at FlowParserMixin.parseMaybeUnary (/run/media/shinehealthcare/a9496acd-4335-4f6b-9ef4-2a6d2c0ce9ad/Complince Regulator by. EU-UNION/EU-UNION-COMLINCE-main/frontend/node_modules/@babel/parser/lib/index.js:11063:23)
    at FlowParserMixin.parseMaybeUnaryOrPrivate (/run/media/shinehealthcare/a9496acd-4335-4f6b-9ef4-2a6d2c0ce9ad/Complince Regulator by. EU-UNION/EU-UNION-COMLINCE-main/frontend/node_modules/@babel/parser/lib/index.js:10916:61)
    at FlowParserMixin.parseExprOps (/run/media/shinehealthcare/a9496acd-4335-4f6b-9ef4-2a6d2c0ce9ad/Complince Regulator by. EU-UNION/EU-UNION-COMLINCE-main/frontend/node_modules/@babel/parser/lib/index.js:10921:23)

ERROR in [eslint] 
src/i18n.js
  Line 226:15:  Parsing error: Unexpected token, expected "," (226:15)

webpack compiled with 2 errors
Compiling...
Compiled successfully!
webpack compiled successfully
Compiling...
Compiled successfully!
webpack compiled successfully
Compiling...
Failed to compile.

[eslint] 
src/i18n.js
Syntax error: Unexpected token, expected "," (319:1) (319:1)
ERROR in ./src/i18n.js
Module build failed (from ./node_modules/babel-loader/lib/index.js):
SyntaxError: /run/media/shinehealthcare/a9496acd-4335-4f6b-9ef4-2a6d2c0ce9ad/Complince Regulator by. EU-UNION/EU-UNION-COMLINCE-main/frontend/src/i18n.js: Unexpected token, expected "," (319:1)

  317 |     },
  318 |   },
> 319 | };
      |  ^
  320 |
  321 | const stored = typeof window !== "undefined" ? window.localStorage.getItem("eudi_lang") : null;
  322 |
    at constructor (/run/media/shinehealthcare/a9496acd-4335-4f6b-9ef4-2a6d2c0ce9ad/Complince Regulator by. EU-UNION/EU-UNION-COMLINCE-main/frontend/node_modules/@babel/parser/lib/index.js:365:19)
    at FlowParserMixin.raise (/run/media/shinehealthcare/a9496acd-4335-4f6b-9ef4-2a6d2c0ce9ad/Complince Regulator by. EU-UNION/EU-UNION-COMLINCE-main/frontend/node_modules/@babel/parser/lib/index.js:6616:19)
    at FlowParserMixin.unexpected (/run/media/shinehealthcare/a9496acd-4335-4f6b-9ef4-2a6d2c0ce9ad/Complince Regulator by. EU-UNION/EU-UNION-COMLINCE-main/frontend/node_modules/@babel/parser/lib/index.js:6636:16)
    at FlowParserMixin.expect (/run/media/shinehealthcare/a9496acd-4335-4f6b-9ef4-2a6d2c0ce9ad/Complince Regulator by. EU-UNION/EU-UNION-COMLINCE-main/frontend/node_modules/@babel/parser/lib/index.js:6916:12)
    at FlowParserMixin.parseObjectLike (/run/media/shinehealthcare/a9496acd-4335-4f6b-9ef4-2a6d2c0ce9ad/Complince Regulator by. EU-UNION/EU-UNION-COMLINCE-main/frontend/node_modules/@babel/parser/lib/index.js:11839:14)
    at FlowParserMixin.parseExprAtom (/run/media/shinehealthcare/a9496acd-4335-4f6b-9ef4-2a6d2c0ce9ad/Complince Regulator by. EU-UNION/EU-UNION-COMLINCE-main/frontend/node_modules/@babel/parser/lib/index.js:11356:23)
    at FlowParserMixin.parseExprAtom (/run/media/shinehealthcare/a9496acd-4335-4f6b-9ef4-2a6d2c0ce9ad/Complince Regulator by. EU-UNION/EU-UNION-COMLINCE-main/frontend/node_modules/@babel/parser/lib/index.js:4776:20)
    at FlowParserMixin.parseExprSubscripts (/run/media/shinehealthcare/a9496acd-4335-4f6b-9ef4-2a6d2c0ce9ad/Complince Regulator by. EU-UNION/EU-UNION-COMLINCE-main/frontend/node_modules/@babel/parser/lib/index.js:11098:23)
    at FlowParserMixin.parseUpdate (/run/media/shinehealthcare/a9496acd-4335-4f6b-9ef4-2a6d2c0ce9ad/Complince Regulator by. EU-UNION/EU-UNION-COMLINCE-main/frontend/node_modules/@babel/parser/lib/index.js:11083:21)
    at FlowParserMixin.parseMaybeUnary (/run/media/shinehealthcare/a9496acd-4335-4f6b-9ef4-2a6d2c0ce9ad/Complince Regulator by. EU-UNION/EU-UNION-COMLINCE-main/frontend/node_modules/@babel/parser/lib/index.js:11063:23)
    at FlowParserMixin.parseMaybeUnaryOrPrivate (/run/media/shinehealthcare/a9496acd-4335-4f6b-9ef4-2a6d2c0ce9ad/Complince Regulator by. EU-UNION/EU-UNION-COMLINCE-main/frontend/node_modules/@babel/parser/lib/index.js:10916:61)
    at FlowParserMixin.parseExprOps (/run/media/shinehealthcare/a9496acd-4335-4f6b-9ef4-2a6d2c0ce9ad/Complince Regulator by. EU-UNION/EU-UNION-COMLINCE-main/frontend/node_modules/@babel/parser/lib/index.js:10921:23)
    at FlowParserMixin.parseMaybeConditional (/run/media/shinehealthcare/a9496acd-4335-4f6b-9ef4-2a6d2c0ce9ad/Complince Regulator by. EU-UNION/EU-UNION-COMLINCE-main/frontend/node_modules/@babel/parser/lib/index.js:10898:23)
    at FlowParserMixin.parseMaybeAssign (/run/media/shinehealthcare/a9496acd-4335-4f6b-9ef4-2a6d2c0ce9ad/Complince Regulator by. EU-UNION/EU-UNION-COMLINCE-main/frontend/node_modules/@babel/parser/lib/index.js:10848:21)
    at FlowParserMixin.parseMaybeAssign (/run/media/shinehealthcare/a9496acd-4335-4f6b-9ef4-2a6d2c0ce9ad/Complince Regulator by. EU-UNION/EU-UNION-COMLINCE-main/frontend/node_modules/@babel/parser/lib/index.js:3561:18)
    at /run/media/shinehealthcare/a9496acd-4335-4f6b-9ef4-2a6d2c0ce9ad/Complince Regulator by. EU-UNION/EU-UNION-COMLINCE-main/frontend/node_modules/@babel/parser/lib/index.js:10817:39
    at FlowParserMixin.allowInAnd (/run/media/shinehealthcare/a9496acd-4335-4f6b-9ef4-2a6d2c0ce9ad/Complince Regulator by. EU-UNION/EU-UNION-COMLINCE-main/frontend/node_modules/@babel/parser/lib/index.js:12438:16)
    at FlowParserMixin.parseMaybeAssignAllowIn (/run/media/shinehealthcare/a9496acd-4335-4f6b-9ef4-2a6d2c0ce9ad/Complince Regulator by. EU-UNION/EU-UNION-COMLINCE-main/frontend/node_modules/@babel/parser/lib/index.js:10817:17)
    at FlowParserMixin.parseVar (/run/media/shinehealthcare/a9496acd-4335-4f6b-9ef4-2a6d2c0ce9ad/Complince Regulator by. EU-UNION/EU-UNION-COMLINCE-main/frontend/node_modules/@babel/parser/lib/index.js:13401:91)
    at FlowParserMixin.parseVarStatement (/run/media/shinehealthcare/a9496acd-4335-4f6b-9ef4-2a6d2c0ce9ad/Complince Regulator by. EU-UNION/EU-UNION-COMLINCE-main/frontend/node_modules/@babel/parser/lib/index.js:13247:10)
    at FlowParserMixin.parseStatementContent (/run/media/shinehealthcare/a9496acd-4335-4f6b-9ef4-2a6d2c0ce9ad/Complince Regulator by. EU-UNION/EU-UNION-COMLINCE-main/frontend/node_modules/@babel/parser/lib/index.js:12868:23)
    at FlowParserMixin.parseStatementLike (/run/media/shinehealthcare/a9496acd-4335-4f6b-9ef4-2a6d2c0ce9ad/Complince Regulator by. EU-UNION/EU-UNION-COMLINCE-main/frontend/node_modules/@babel/parser/lib/index.js:12784:17)
    at FlowParserMixin.parseStatementLike (/run/media/shinehealthcare/a9496acd-4335-4f6b-9ef4-2a6d2c0ce9ad/Complince Regulator by. EU-UNION/EU-UNION-COMLINCE-main/frontend/node_modules/@babel/parser/lib/index.js:2930:24)
    at FlowParserMixin.parseModuleItem (/run/media/shinehealthcare/a9496acd-4335-4f6b-9ef4-2a6d2c0ce9ad/Complince Regulator by. EU-UNION/EU-UNION-COMLINCE-main/frontend/node_modules/@babel/parser/lib/index.js:12761:17)
    at FlowParserMixin.parseBlockOrModuleBlockBody (/run/media/shinehealthcare/a9496acd-4335-4f6b-9ef4-2a6d2c0ce9ad/Complince Regulator by. EU-UNION/EU-UNION-COMLINCE-main/frontend/node_modules/@babel/parser/lib/index.js:13333:36)
    at FlowParserMixin.parseBlockBody (/run/media/shinehealthcare/a9496acd-4335-4f6b-9ef4-2a6d2c0ce9ad/Complince Regulator by. EU-UNION/EU-UNION-COMLINCE-main/frontend/node_modules/@babel/parser/lib/index.js:13326:10)
    at FlowParserMixin.parseProgram (/run/media/shinehealthcare/a9496acd-4335-4f6b-9ef4-2a6d2c0ce9ad/Complince Regulator by. EU-UNION/EU-UNION-COMLINCE-main/frontend/node_modules/@babel/parser/lib/index.js:12639:10)
    at FlowParserMixin.parseTopLevel (/run/media/shinehealthcare/a9496acd-4335-4f6b-9ef4-2a6d2c0ce9ad/Complince Regulator by. EU-UNION/EU-UNION-COMLINCE-main/frontend/node_modules/@babel/parser/lib/index.js:12629:25)
    at FlowParserMixin.parseTopLevel (/run/media/shinehealthcare/a9496acd-4335-4f6b-9ef4-2a6d2c0ce9ad/Complince Regulator by. EU-UNION/EU-UNION-COMLINCE-main/frontend/node_modules/@babel/parser/lib/index.js:3697:28)
    at FlowParserMixin.parse (/run/media/shinehealthcare/a9496acd-4335-4f6b-9ef4-2a6d2c0ce9ad/Complince Regulator by. EU-UNION/EU-UNION-COMLINCE-main/frontend/node_modules/@babel/parser/lib/index.js:14505:25)
    at parse (/run/media/shinehealthcare/a9496acd-4335-4f6b-9ef4-2a6d2c0ce9ad/Complince Regulator by. EU-UNION/EU-UNION-COMLINCE-main/frontend/node_modules/@babel/parser/lib/index.js:14539:38)
    at parser (/run/media/shinehealthcare/a9496acd-4335-4f6b-9ef4-2a6d2c0ce9ad/Complince Regulator by. EU-UNION/EU-UNION-COMLINCE-main/frontend/node_modules/@babel/core/lib/parser/index.js:41:34)
    at parser.next (<anonymous>)
    at normalizeFile (/run/media/shinehealthcare/a9496acd-4335-4f6b-9ef4-2a6d2c0ce9ad/Complince Regulator by. EU-UNION/EU-UNION-COMLINCE-main/frontend/node_modules/@babel/core/lib/transformation/normalize-file.js:51:37)
    at normalizeFile.next (<anonymous>)
    at run (/run/media/shinehealthcare/a9496acd-4335-4f6b-9ef4-2a6d2c0ce9ad/Complince Regulator by. EU-UNION/EU-UNION-COMLINCE-main/frontend/node_modules/@babel/core/lib/transformation/index.js:22:50)
    at run.next (<anonymous>)
    at transform (/run/media/shinehealthcare/a9496acd-4335-4f6b-9ef4-2a6d2c0ce9ad/Complince Regulator by. EU-UNION/EU-UNION-COMLINCE-main/frontend/node_modules/@babel/core/lib/transform.js:22:33)
    at transform.next (<anonymous>)
    at step (/run/media/shinehealthcare/a9496acd-4335-4f6b-9ef4-2a6d2c0ce9ad/Complince Regulator by. EU-UNION/EU-UNION-COMLINCE-main/frontend/node_modules/gensync/index.js:261:32)
    at /run/media/shinehealthcare/a9496acd-4335-4f6b-9ef4-2a6d2c0ce9ad/Complince Regulator by. EU-UNION/EU-UNION-COMLINCE-main/frontend/node_modules/gensync/index.js:273:13
    at async.call.result.err.err (/run/media/shinehealthcare/a9496acd-4335-4f6b-9ef4-2a6d2c0ce9ad/Complince Regulator by. EU-UNION/EU-UNION-COMLINCE-main/frontend/node_modules/gensync/index.js:223:11)

ERROR in [eslint] 
src/i18n.js
  Line 319:1:  Parsing error: Unexpected token, expected "," (319:1)

webpack compiled with 2 errors
Compiling...
Compiled successfully!
webpack compiled successfully
Compiling...
Failed to compile.

[eslint] 
src/i18n.js
Syntax error: Unexpected token (375:0) (375:undefined)
ERROR in ./src/i18n.js
Module build failed (from ./node_modules/babel-loader/lib/index.js):
SyntaxError: /run/media/shinehealthcare/a9496acd-4335-4f6b-9ef4-2a6d2c0ce9ad/Complince Regulator by. EU-UNION/EU-UNION-COMLINCE-main/frontend/src/i18n.js: Unexpected token (375:0)

  373 |         title: "PNIA Compliance",
  374 |         subtitle: "EU-ARF / eIDAS 2.0 Validation",
> 375 |
      | ^
    at constructor (/run/media/shinehealthcare/a9496acd-4335-4f6b-9ef4-2a6d2c0ce9ad/Complince Regulator by. EU-UNION/EU-UNION-COMLINCE-main/frontend/node_modules/@babel/parser/lib/index.js:365:19)
    at FlowParserMixin.raise (/run/media/shinehealthcare/a9496acd-4335-4f6b-9ef4-2a6d2c0ce9ad/Complince Regulator by. EU-UNION/EU-UNION-COMLINCE-main/frontend/node_modules/@babel/parser/lib/index.js:6616:19)
    at FlowParserMixin.unexpected (/run/media/shinehealthcare/a9496acd-4335-4f6b-9ef4-2a6d2c0ce9ad/Complince Regulator by. EU-UNION/EU-UNION-COMLINCE-main/frontend/node_modules/@babel/parser/lib/index.js:6636:16)
    at FlowParserMixin.parsePropertyName (/run/media/shinehealthcare/a9496acd-4335-4f6b-9ef4-2a6d2c0ce9ad/Complince Regulator by. EU-UNION/EU-UNION-COMLINCE-main/frontend/node_modules/@babel/parser/lib/index.js:12041:18)
    at FlowParserMixin.parsePropertyDefinition (/run/media/shinehealthcare/a9496acd-4335-4f6b-9ef4-2a6d2c0ce9ad/Complince Regulator by. EU-UNION/EU-UNION-COMLINCE-main/frontend/node_modules/@babel/parser/lib/index.js:11906:10)
    at FlowParserMixin.parseObjectLike (/run/media/shinehealthcare/a9496acd-4335-4f6b-9ef4-2a6d2c0ce9ad/Complince Regulator by. EU-UNION/EU-UNION-COMLINCE-main/frontend/node_modules/@babel/parser/lib/index.js:11849:21)
    at FlowParserMixin.parseExprAtom (/run/media/shinehealthcare/a9496acd-4335-4f6b-9ef4-2a6d2c0ce9ad/Complince Regulator by. EU-UNION/EU-UNION-COMLINCE-main/frontend/node_modules/@babel/parser/lib/index.js:11356:23)
    at FlowParserMixin.parseExprAtom (/run/media/shinehealthcare/a9496acd-4335-4f6b-9ef4-2a6d2c0ce9ad/Complince Regulator by. EU-UNION/EU-UNION-COMLINCE-main/frontend/node_modules/@babel/parser/lib/index.js:4776:20)
    at FlowParserMixin.parseExprSubscripts (/run/media/shinehealthcare/a9496acd-4335-4f6b-9ef4-2a6d2c0ce9ad/Complince Regulator by. EU-UNION/EU-UNION-COMLINCE-main/frontend/node_modules/@babel/parser/lib/index.js:11098:23)
    at FlowParserMixin.parseUpdate (/run/media/shinehealthcare/a9496acd-4335-4f6b-9ef4-2a6d2c0ce9ad/Complince Regulator by. EU-UNION/EU-UNION-COMLINCE-main/frontend/node_modules/@babel/parser/lib/index.js:11083:21)
    at FlowParserMixin.parseMaybeUnary (/run/media/shinehealthcare/a9496acd-4335-4f6b-9ef4-2a6d2c0ce9ad/Complince Regulator by. EU-UNION/EU-UNION-COMLINCE-main/frontend/node_modules/@babel/parser/lib/index.js:11063:23)
    at FlowParserMixin.parseMaybeUnaryOrPrivate (/run/media/shinehealthcare/a9496acd-4335-4f6b-9ef4-2a6d2c0ce9ad/Complince Regulator by. EU-UNION/EU-UNION-COMLINCE-main/frontend/node_modules/@babel/parser/lib/index.js:10916:61)
    at FlowParserMixin.parseExprOps (/run/media/shinehealthcare/a9496acd-4335-4f6b-9ef4-2a6d2c0ce9ad/Complince Regulator by. EU-UNION/EU-UNION-COMLINCE-main/frontend/node_modules/@babel/parser/lib/index.js:10921:23)
    at FlowParserMixin.parseMaybeConditional (/run/media/shinehealthcare/a9496acd-4335-4f6b-9ef4-2a6d2c0ce9ad/Complince Regulator by. EU-UNION/EU-UNION-COMLINCE-main/frontend/node_modules/@babel/parser/lib/index.js:10898:23)
    at FlowParserMixin.parseMaybeAssign (/run/media/shinehealthcare/a9496acd-4335-4f6b-9ef4-2a6d2c0ce9ad/Complince Regulator by. EU-UNION/EU-UNION-COMLINCE-main/frontend/node_modules/@babel/parser/lib/index.js:10848:21)
    at FlowParserMixin.parseMaybeAssign (/run/media/shinehealthcare/a9496acd-4335-4f6b-9ef4-2a6d2c0ce9ad/Complince Regulator by. EU-UNION/EU-UNION-COMLINCE-main/frontend/node_modules/@babel/parser/lib/index.js:3561:18)
    at /run/media/shinehealthcare/a9496acd-4335-4f6b-9ef4-2a6d2c0ce9ad/Complince Regulator by. EU-UNION/EU-UNION-COMLINCE-main/frontend/node_modules/@babel/parser/lib/index.js:10817:39
    at FlowParserMixin.allowInAnd (/run/media/shinehealthcare/a9496acd-4335-4f6b-9ef4-2a6d2c0ce9ad/Complince Regulator by. EU-UNION/EU-UNION-COMLINCE-main/frontend/node_modules/@babel/parser/lib/index.js:12443:12)
    at FlowParserMixin.parseMaybeAssignAllowIn (/run/media/shinehealthcare/a9496acd-4335-4f6b-9ef4-2a6d2c0ce9ad/Complince Regulator by. EU-UNION/EU-UNION-COMLINCE-main/frontend/node_modules/@babel/parser/lib/index.js:10817:17)
    at FlowParserMixin.parseMaybeAssignAllowInOrVoidPattern (/run/media/shinehealthcare/a9496acd-4335-4f6b-9ef4-2a6d2c0ce9ad/Complince Regulator by. EU-UNION/EU-UNION-COMLINCE-main/frontend/node_modules/@babel/parser/lib/index.js:12510:17)
    at FlowParserMixin.parseObjectProperty (/run/media/shinehealthcare/a9496acd-4335-4f6b-9ef4-2a6d2c0ce9ad/Complince Regulator by. EU-UNION/EU-UNION-COMLINCE-main/frontend/node_modules/@babel/parser/lib/index.js:11967:83)
    at FlowParserMixin.parseObjPropValue (/run/media/shinehealthcare/a9496acd-4335-4f6b-9ef4-2a6d2c0ce9ad/Complince Regulator by. EU-UNION/EU-UNION-COMLINCE-main/frontend/node_modules/@babel/parser/lib/index.js:11995:100)
    at FlowParserMixin.parseObjPropValue (/run/media/shinehealthcare/a9496acd-4335-4f6b-9ef4-2a6d2c0ce9ad/Complince Regulator by. EU-UNION/EU-UNION-COMLINCE-main/frontend/node_modules/@babel/parser/lib/index.js:3351:26)
    at FlowParserMixin.parsePropertyDefinition (/run/media/shinehealthcare/a9496acd-4335-4f6b-9ef4-2a6d2c0ce9ad/Complince Regulator by. EU-UNION/EU-UNION-COMLINCE-main/frontend/node_modules/@babel/parser/lib/index.js:11932:17)
    at FlowParserMixin.parseObjectLike (/run/media/shinehealthcare/a9496acd-4335-4f6b-9ef4-2a6d2c0ce9ad/Complince Regulator by. EU-UNION/EU-UNION-COMLINCE-main/frontend/node_modules/@babel/parser/lib/index.js:11849:21)
    at FlowParserMixin.parseExprAtom (/run/media/shinehealthcare/a9496acd-4335-4f6b-9ef4-2a6d2c0ce9ad/Complince Regulator by. EU-UNION/EU-UNION-COMLINCE-main/frontend/node_modules/@babel/parser/lib/index.js:11356:23)
    at FlowParserMixin.parseExprAtom (/run/media/shinehealthcare/a9496acd-4335-4f6b-9ef4-2a6d2c0ce9ad/Complince Regulator by. EU-UNION/EU-UNION-COMLINCE-main/frontend/node_modules/@babel/parser/lib/index.js:4776:20)
    at FlowParserMixin.parseExprSubscripts (/run/media/shinehealthcare/a9496acd-4335-4f6b-9ef4-2a6d2c0ce9ad/Complince Regulator by. EU-UNION/EU-UNION-COMLINCE-main/frontend/node_modules/@babel/parser/lib/index.js:11098:23)
    at FlowParserMixin.parseUpdate (/run/media/shinehealthcare/a9496acd-4335-4f6b-9ef4-2a6d2c0ce9ad/Complince Regulator by. EU-UNION/EU-UNION-COMLINCE-main/frontend/node_modules/@babel/parser/lib/index.js:11083:21)
    at FlowParserMixin.parseMaybeUnary (/run/media/shinehealthcare/a9496acd-4335-4f6b-9ef4-2a6d2c0ce9ad/Complince Regulator by. EU-UNION/EU-UNION-COMLINCE-main/frontend/node_modules/@babel/parser/lib/index.js:11063:23)
    at FlowParserMixin.parseMaybeUnaryOrPrivate (/run/media/shinehealthcare/a9496acd-4335-4f6b-9ef4-2a6d2c0ce9ad/Complince Regulator by. EU-UNION/EU-UNION-COMLINCE-main/frontend/node_modules/@babel/parser/lib/index.js:10916:61)
    at FlowParserMixin.parseExprOps (/run/media/shinehealthcare/a9496acd-4335-4f6b-9ef4-2a6d2c0ce9ad/Complince Regulator by. EU-UNION/EU-UNION-COMLINCE-main/frontend/node_modules/@babel/parser/lib/index.js:10921:23)
    at FlowParserMixin.parseMaybeConditional (/run/media/shinehealthcare/a9496acd-4335-4f6b-9ef4-2a6d2c0ce9ad/Complince Regulator by. EU-UNION/EU-UNION-COMLINCE-main/frontend/node_modules/@babel/parser/lib/index.js:10898:23)
    at FlowParserMixin.parseMaybeAssign (/run/media/shinehealthcare/a9496acd-4335-4f6b-9ef4-2a6d2c0ce9ad/Complince Regulator by. EU-UNION/EU-UNION-COMLINCE-main/frontend/node_modules/@babel/parser/lib/index.js:10848:21)
    at FlowParserMixin.parseMaybeAssign (/run/media/shinehealthcare/a9496acd-4335-4f6b-9ef4-2a6d2c0ce9ad/Complince Regulator by. EU-UNION/EU-UNION-COMLINCE-main/frontend/node_modules/@babel/parser/lib/index.js:3561:18)
    at /run/media/shinehealthcare/a9496acd-4335-4f6b-9ef4-2a6d2c0ce9ad/Complince Regulator by. EU-UNION/EU-UNION-COMLINCE-main/frontend/node_modules/@babel/parser/lib/index.js:10817:39
    at FlowParserMixin.allowInAnd (/run/media/shinehealthcare/a9496acd-4335-4f6b-9ef4-2a6d2c0ce9ad/Complince Regulator by. EU-UNION/EU-UNION-COMLINCE-main/frontend/node_modules/@babel/parser/lib/index.js:12443:12)
    at FlowParserMixin.parseMaybeAssignAllowIn (/run/media/shinehealthcare/a9496acd-4335-4f6b-9ef4-2a6d2c0ce9ad/Complince Regulator by. EU-UNION/EU-UNION-COMLINCE-main/frontend/node_modules/@babel/parser/lib/index.js:10817:17)
    at FlowParserMixin.parseMaybeAssignAllowInOrVoidPattern (/run/media/shinehealthcare/a9496acd-4335-4f6b-9ef4-2a6d2c0ce9ad/Complince Regulator by. EU-UNION/EU-UNION-COMLINCE-main/frontend/node_modules/@babel/parser/lib/index.js:12510:17)
    at FlowParserMixin.parseObjectProperty (/run/media/shinehealthcare/a9496acd-4335-4f6b-9ef4-2a6d2c0ce9ad/Complince Regulator by. EU-UNION/EU-UNION-COMLINCE-main/frontend/node_modules/@babel/parser/lib/index.js:11967:83)
    at FlowParserMixin.parseObjPropValue (/run/media/shinehealthcare/a9496acd-4335-4f6b-9ef4-2a6d2c0ce9ad/Complince Regulator by. EU-UNION/EU-UNION-COMLINCE-main/frontend/node_modules/@babel/parser/lib/index.js:11995:100)
    at FlowParserMixin.parseObjPropValue (/run/media/shinehealthcare/a9496acd-4335-4f6b-9ef4-2a6d2c0ce9ad/Complince Regulator by. EU-UNION/EU-UNION-COMLINCE-main/frontend/node_modules/@babel/parser/lib/index.js:3351:26)
    at FlowParserMixin.parsePropertyDefinition (/run/media/shinehealthcare/a9496acd-4335-4f6b-9ef4-2a6d2c0ce9ad/Complince Regulator by. EU-UNION/EU-UNION-COMLINCE-main/frontend/node_modules/@babel/parser/lib/index.js:11932:17)
    at FlowParserMixin.parseObjectLike (/run/media/shinehealthcare/a9496acd-4335-4f6b-9ef4-2a6d2c0ce9ad/Complince Regulator by. EU-UNION/EU-UNION-COMLINCE-main/frontend/node_modules/@babel/parser/lib/index.js:11849:21)
    at FlowParserMixin.parseExprAtom (/run/media/shinehealthcare/a9496acd-4335-4f6b-9ef4-2a6d2c0ce9ad/Complince Regulator by. EU-UNION/EU-UNION-COMLINCE-main/frontend/node_modules/@babel/parser/lib/index.js:11356:23)
    at FlowParserMixin.parseExprAtom (/run/media/shinehealthcare/a9496acd-4335-4f6b-9ef4-2a6d2c0ce9ad/Complince Regulator by. EU-UNION/EU-UNION-COMLINCE-main/frontend/node_modules/@babel/parser/lib/index.js:4776:20)
    at FlowParserMixin.parseExprSubscripts (/run/media/shinehealthcare/a9496acd-4335-4f6b-9ef4-2a6d2c0ce9ad/Complince Regulator by. EU-UNION/EU-UNION-COMLINCE-main/frontend/node_modules/@babel/parser/lib/index.js:11098:23)
    at FlowParserMixin.parseUpdate (/run/media/shinehealthcare/a9496acd-4335-4f6b-9ef4-2a6d2c0ce9ad/Complince Regulator by. EU-UNION/EU-UNION-COMLINCE-main/frontend/node_modules/@babel/parser/lib/index.js:11083:21)
    at FlowParserMixin.parseMaybeUnary (/run/media/shinehealthcare/a9496acd-4335-4f6b-9ef4-2a6d2c0ce9ad/Complince Regulator by. EU-UNION/EU-UNION-COMLINCE-main/frontend/node_modules/@babel/parser/lib/index.js:11063:23)
    at FlowParserMixin.parseMaybeUnaryOrPrivate (/run/media/shinehealthcare/a9496acd-4335-4f6b-9ef4-2a6d2c0ce9ad/Complince Regulator by. EU-UNION/EU-UNION-COMLINCE-main/frontend/node_modules/@babel/parser/lib/index.js:10916:61)

ERROR in [eslint] 
src/i18n.js
  Line 375:  Parsing error: Unexpected token (375:0)

webpack compiled with 2 errors
Compiling...
Compiled successfully!
webpack compiled successfully
Compiling...
Compiled successfully!
webpack compiled successfully
Compiling...
Compiled successfully!
webpack compiled successfully
Compiling...
Compiled successfully!
webpack compiled successfully
Compiling...
Compiled successfully!
webpack compiled successfully
Compiling...
Compiled successfully!
webpack compiled successfully
Compiling...
Compiled successfully!
webpack compiled successfully
Compiling...
Compiled successfully!
webpack compiled successfully
Compiling...
Compiled successfully!
webpack compiled successfully
Compiling...
Compiled successfully!
webpack compiled successfully
